Archive member included to satisfy reference by file (symbol)

C:/ST/STM32CubeIDE_1.14.0/STM32CubeIDE/plugins/com.st.stm32cube.ide.mcu.externaltools.gnu-tools-for-stm32.11.3.rel1.win32_1.1.100.202309141235/tools/bin/../lib/gcc/arm-none-eabi/11.3.1/../../../../arm-none-eabi/lib/thumb/v7-m/nofp\libc_nano.a(libc_a-exit.o)
                              C:/ST/STM32CubeIDE_1.14.0/STM32CubeIDE/plugins/com.st.stm32cube.ide.mcu.externaltools.gnu-tools-for-stm32.11.3.rel1.win32_1.1.100.202309141235/tools/bin/../lib/gcc/arm-none-eabi/11.3.1/../../../../arm-none-eabi/lib/thumb/v7-m/nofp/crt0.o (exit)
C:/ST/STM32CubeIDE_1.14.0/STM32CubeIDE/plugins/com.st.stm32cube.ide.mcu.externaltools.gnu-tools-for-stm32.11.3.rel1.win32_1.1.100.202309141235/tools/bin/../lib/gcc/arm-none-eabi/11.3.1/../../../../arm-none-eabi/lib/thumb/v7-m/nofp\libc_nano.a(libc_a-rand.o)
                              ./Core/Src/8876demo.o (rand)
C:/ST/STM32CubeIDE_1.14.0/STM32CubeIDE/plugins/com.st.stm32cube.ide.mcu.externaltools.gnu-tools-for-stm32.11.3.rel1.win32_1.1.100.202309141235/tools/bin/../lib/gcc/arm-none-eabi/11.3.1/../../../../arm-none-eabi/lib/thumb/v7-m/nofp\libc_nano.a(libc_a-findfp.o)
                              C:/ST/STM32CubeIDE_1.14.0/STM32CubeIDE/plugins/com.st.stm32cube.ide.mcu.externaltools.gnu-tools-for-stm32.11.3.rel1.win32_1.1.100.202309141235/tools/bin/../lib/gcc/arm-none-eabi/11.3.1/../../../../arm-none-eabi/lib/thumb/v7-m/nofp\libc_nano.a(libc_a-exit.o) (__stdio_exit_handler)
C:/ST/STM32CubeIDE_1.14.0/STM32CubeIDE/plugins/com.st.stm32cube.ide.mcu.externaltools.gnu-tools-for-stm32.11.3.rel1.win32_1.1.100.202309141235/tools/bin/../lib/gcc/arm-none-eabi/11.3.1/../../../../arm-none-eabi/lib/thumb/v7-m/nofp\libc_nano.a(libc_a-fwalk.o)
                              C:/ST/STM32CubeIDE_1.14.0/STM32CubeIDE/plugins/com.st.stm32cube.ide.mcu.externaltools.gnu-tools-for-stm32.11.3.rel1.win32_1.1.100.202309141235/tools/bin/../lib/gcc/arm-none-eabi/11.3.1/../../../../arm-none-eabi/lib/thumb/v7-m/nofp\libc_nano.a(libc_a-findfp.o) (_fwalk_sglue)
C:/ST/STM32CubeIDE_1.14.0/STM32CubeIDE/plugins/com.st.stm32cube.ide.mcu.externaltools.gnu-tools-for-stm32.11.3.rel1.win32_1.1.100.202309141235/tools/bin/../lib/gcc/arm-none-eabi/11.3.1/../../../../arm-none-eabi/lib/thumb/v7-m/nofp\libc_nano.a(libc_a-stdio.o)
                              C:/ST/STM32CubeIDE_1.14.0/STM32CubeIDE/plugins/com.st.stm32cube.ide.mcu.externaltools.gnu-tools-for-stm32.11.3.rel1.win32_1.1.100.202309141235/tools/bin/../lib/gcc/arm-none-eabi/11.3.1/../../../../arm-none-eabi/lib/thumb/v7-m/nofp\libc_nano.a(libc_a-findfp.o) (__sread)
C:/ST/STM32CubeIDE_1.14.0/STM32CubeIDE/plugins/com.st.stm32cube.ide.mcu.externaltools.gnu-tools-for-stm32.11.3.rel1.win32_1.1.100.202309141235/tools/bin/../lib/gcc/arm-none-eabi/11.3.1/../../../../arm-none-eabi/lib/thumb/v7-m/nofp\libc_nano.a(libc_a-memset.o)
                              C:/ST/STM32CubeIDE_1.14.0/STM32CubeIDE/plugins/com.st.stm32cube.ide.mcu.externaltools.gnu-tools-for-stm32.11.3.rel1.win32_1.1.100.202309141235/tools/bin/../lib/gcc/arm-none-eabi/11.3.1/../../../../arm-none-eabi/lib/thumb/v7-m/nofp/crt0.o (memset)
C:/ST/STM32CubeIDE_1.14.0/STM32CubeIDE/plugins/com.st.stm32cube.ide.mcu.externaltools.gnu-tools-for-stm32.11.3.rel1.win32_1.1.100.202309141235/tools/bin/../lib/gcc/arm-none-eabi/11.3.1/../../../../arm-none-eabi/lib/thumb/v7-m/nofp\libc_nano.a(libc_a-closer.o)
                              C:/ST/STM32CubeIDE_1.14.0/STM32CubeIDE/plugins/com.st.stm32cube.ide.mcu.externaltools.gnu-tools-for-stm32.11.3.rel1.win32_1.1.100.202309141235/tools/bin/../lib/gcc/arm-none-eabi/11.3.1/../../../../arm-none-eabi/lib/thumb/v7-m/nofp\libc_nano.a(libc_a-stdio.o) (_close_r)
C:/ST/STM32CubeIDE_1.14.0/STM32CubeIDE/plugins/com.st.stm32cube.ide.mcu.externaltools.gnu-tools-for-stm32.11.3.rel1.win32_1.1.100.202309141235/tools/bin/../lib/gcc/arm-none-eabi/11.3.1/../../../../arm-none-eabi/lib/thumb/v7-m/nofp\libc_nano.a(libc_a-reent.o)
                              C:/ST/STM32CubeIDE_1.14.0/STM32CubeIDE/plugins/com.st.stm32cube.ide.mcu.externaltools.gnu-tools-for-stm32.11.3.rel1.win32_1.1.100.202309141235/tools/bin/../lib/gcc/arm-none-eabi/11.3.1/../../../../arm-none-eabi/lib/thumb/v7-m/nofp\libc_nano.a(libc_a-closer.o) (errno)
C:/ST/STM32CubeIDE_1.14.0/STM32CubeIDE/plugins/com.st.stm32cube.ide.mcu.externaltools.gnu-tools-for-stm32.11.3.rel1.win32_1.1.100.202309141235/tools/bin/../lib/gcc/arm-none-eabi/11.3.1/../../../../arm-none-eabi/lib/thumb/v7-m/nofp\libc_nano.a(libc_a-impure.o)
                              C:/ST/STM32CubeIDE_1.14.0/STM32CubeIDE/plugins/com.st.stm32cube.ide.mcu.externaltools.gnu-tools-for-stm32.11.3.rel1.win32_1.1.100.202309141235/tools/bin/../lib/gcc/arm-none-eabi/11.3.1/../../../../arm-none-eabi/lib/thumb/v7-m/nofp\libc_nano.a(libc_a-rand.o) (_impure_ptr)
[...]
Memory Configuration

Name             Origin             Length             Attributes
RAM              0x0000000020000000 0x0000000000005000 xrw
FLASH            0x0000000008000000 0x0000000000020000 xr
*default*        0x0000000000000000 0xffffffffffffffff

Linker script and memory map

LOAD C:/ST/STM32CubeIDE_1.14.0/STM32CubeIDE/plugins/com.st.stm32cube.ide.mcu.externaltools.gnu-tools-for-stm32.11.3.rel1.win32_1.1.100.202309141235/tools/bin/../lib/gcc/arm-none-eabi/11.3.1/thumb/v7-m/nofp/crti.o
LOAD C:/ST/STM32CubeIDE_1.14.0/STM32CubeIDE/plugins/com.st.stm32cube.ide.mcu.externaltools.gnu-tools-for-stm32.11.3.rel1.win32_1.1.100.202309141235/tools/bin/../lib/gcc/arm-none-eabi/11.3.1/thumb/v7-m/nofp/crtbegin.o
LOAD C:/ST/STM32CubeIDE_1.14.0/STM32CubeIDE/plugins/com.st.stm32cube.ide.mcu.externaltools.gnu-tools-for-stm32.11.3.rel1.win32_1.1.100.202309141235/tools/bin/../lib/gcc/arm-none-eabi/11.3.1/../../../../arm-none-eabi/lib/thumb/v7-m/nofp/crt0.o
LOAD ./Core/Src/2828.o
LOAD ./Core/Src/8876demo.o
LOAD ./Core/Src/RA8876.o
LOAD ./Core/Src/TP.o
LOAD ./Core/Src/main.o
LOAD ./Core/Src/pattern.o
LOAD ./Core/Src/sd.o
LOAD ./Core/Src/stm32f1xx_hal_msp.o
LOAD ./Core/Src/stm32f1xx_it.o
LOAD ./Core/Src/syscalls.o
LOAD ./Core/Src/sysmem.o
LOAD ./Core/Src/system_stm32f1xx.o
LOAD ./Core/Startup/startup_stm32f103rbtx.o
LOAD ./Drivers/STM32F1xx_HAL_Driver/Src/stm32f1xx_hal.o
LOAD ./Drivers/STM32F1xx_HAL_Driver/Src/stm32f1xx_hal_cortex.o
LOAD ./Drivers/STM32F1xx_HAL_Driver/Src/stm32f1xx_hal_dma.o
LOAD ./Drivers/STM32F1xx_HAL_Driver/Src/stm32f1xx_hal_exti.o
LOAD ./Drivers/STM32F1xx_HAL_Driver/Src/stm32f1xx_hal_flash.o
LOAD ./Drivers/STM32F1xx_HAL_Driver/Src/stm32f1xx_hal_flash_ex.o
LOAD ./Drivers/STM32F1xx_HAL_Driver/Src/stm32f1xx_hal_gpio.o
LOAD ./Drivers/STM32F1xx_HAL_Driver/Src/stm32f1xx_hal_gpio_ex.o
LOAD ./Drivers/STM32F1xx_HAL_Driver/Src/stm32f1xx_hal_pwr.o
LOAD ./Drivers/STM32F1xx_HAL_Driver/Src/stm32f1xx_hal_rcc.o
LOAD ./Drivers/STM32F1xx_HAL_Driver/Src/stm32f1xx_hal_rcc_ex.o
LOAD ./Drivers/STM32F1xx_HAL_Driver/Src/stm32f1xx_hal_tim.o
LOAD ./Drivers/STM32F1xx_HAL_Driver/Src/stm32f1xx_hal_tim_ex.o
LOAD ./Drivers/STM32F1xx_HAL_Driver/Src/stm32f1xx_hal_uart.o
START GROUP
LOAD C:/ST/STM32CubeIDE_1.14.0/STM32CubeIDE/plugins/com.st.stm32cube.ide.mcu.externaltools.gnu-tools-for-stm32.11.3.rel1.win32_1.1.100.202309141235/tools/bin/../lib/gcc/arm-none-eabi/11.3.1/../../../../arm-none-eabi/lib/thumb/v7-m/nofp\libc_nano.a
LOAD C:/ST/STM32CubeIDE_1.14.0/STM32CubeIDE/plugins/com.st.stm32cube.ide.mcu.externaltools.gnu-tools-for-stm32.11.3.rel1.win32_1.1.100.202309141235/tools/bin/../lib/gcc/arm-none-eabi/11.3.1/../../../../arm-none-eabi/lib/thumb/v7-m/nofp\libm.a
END GROUP
START GROUP
LOAD C:/ST/STM32CubeIDE_1.14.0/STM32CubeIDE/plugins/com.st.stm32cube.ide.mcu.externaltools.gnu-tools-for-stm32.11.3.rel1.win32_1.1.100.202309141235/tools/bin/../lib/gcc/arm-none-eabi/11.3.1/thumb/v7-m/nofp\libgcc.a
LOAD C:/ST/STM32CubeIDE_1.14.0/STM32CubeIDE/plugins/com.st.stm32cube.ide.mcu.externaltools.gnu-tools-for-stm32.11.3.rel1.win32_1.1.100.202309141235/tools/bin/../lib/gcc/arm-none-eabi/11.3.1/../../../../arm-none-eabi/lib/thumb/v7-m/nofp\libc_nano.a
END GROUP
START GROUP
LOAD C:/ST/STM32CubeIDE_1.14.0/STM32CubeIDE/plugins/com.st.stm32cube.ide.mcu.externaltools.gnu-tools-for-stm32.11.3.rel1.win32_1.1.100.202309141235/tools/bin/../lib/gcc/arm-none-eabi/11.3.1/thumb/v7-m/nofp\libgcc.a
LOAD C:/ST/STM32CubeIDE_1.14.0/STM32CubeIDE/plugins/com.st.stm32cube.ide.mcu.externaltools.gnu-tools-for-stm32.11.3.rel1.win32_1.1.100.202309141235/tools/bin/../lib/gcc/arm-none-eabi/11.3.1/../../../../arm-none-eabi/lib/thumb/v7-m/nofp\libc_nano.a
LOAD C:/ST/STM32CubeIDE_1.14.0/STM32CubeIDE/plugins/com.st.stm32cube.ide.mcu.externaltools.gnu-tools-for-stm32.11.3.rel1.win32_1.1.100.202309141235/tools/bin/../lib/gcc/arm-none-eabi/11.3.1/../../../../arm-none-eabi/lib/thumb/v7-m/nofp\libnosys.a
END GROUP
START GROUP
LOAD C:/ST/STM32CubeIDE_1.14.0/STM32CubeIDE/plugins/com.st.stm32cube.ide.mcu.externaltools.gnu-tools-for-stm32.11.3.rel1.win32_1.1.100.202309141235/tools/bin/../lib/gcc/arm-none-eabi/11.3.1/thumb/v7-m/nofp\libgcc.a
LOAD C:/ST/STM32CubeIDE_1.14.0/STM32CubeIDE/plugins/com.st.stm32cube.ide.mcu.externaltools.gnu-tools-for-stm32.11.3.rel1.win32_1.1.100.202309141235/tools/bin/../lib/gcc/arm-none-eabi/11.3.1/../../../../arm-none-eabi/lib/thumb/v7-m/nofp\libc_nano.a
LOAD C:/ST/STM32CubeIDE_1.14.0/STM32CubeIDE/plugins/com.st.stm32cube.ide.mcu.externaltools.gnu-tools-for-stm32.11.3.rel1.win32_1.1.100.202309141235/tools/bin/../lib/gcc/arm-none-eabi/11.3.1/../../../../arm-none-eabi/lib/thumb/v7-m/nofp\libnosys.a
END GROUP
LOAD C:/ST/STM32CubeIDE_1.14.0/STM32CubeIDE/plugins/com.st.stm32cube.ide.mcu.externaltools.gnu-tools-for-stm32.11.3.rel1.win32_1.1.100.202309141235/tools/bin/../lib/gcc/arm-none-eabi/11.3.1/thumb/v7-m/nofp/crtend.o
LOAD C:/ST/STM32CubeIDE_1.14.0/STM32CubeIDE/plugins/com.st.stm32cube.ide.mcu.externaltools.gnu-tools-for-stm32.11.3.rel1.win32_1.1.100.202309141235/tools/bin/../lib/gcc/arm-none-eabi/11.3.1/thumb/v7-m/nofp/crtn.o
                0x0000000020005000                _estack = (ORIGIN (RAM) + LENGTH (RAM))
                0x0000000000000200                _Min_Heap_Size = 0x200
                0x0000000000000400                _Min_Stack_Size = 0x400

.isr_vector     0x0000000008000000      0x10c
                0x0000000008000000                . = ALIGN (0x4)
 *(.isr_vector)
 .isr_vector    0x0000000008000000      0x10c ./Core/Startup/startup_stm32f103rbtx.o
                0x0000000008000000                g_pfnVectors
                0x000000000800010c                . = ALIGN (0x4)

.text           0x000000000800010c     0x8608
                0x000000000800010c                . = ALIGN (0x4)
 *(.text)
 .text          0x000000000800010c       0x40 C:/ST/STM32CubeIDE_1.14.0/STM32CubeIDE/plugins/com.st.stm32cube.ide.mcu.externaltools.gnu-tools-for-stm32.11.3.rel1.win32_1.1.100.202309141235/tools/bin/../lib/gcc/arm-none-eabi/11.3.1/thumb/v7-m/nofp/crtbegin.o
 *(.text*)
 .text.SSD2828_Reset
                0x000000000800014c       0x54 ./Core/Src/2828.o
                0x000000000800014c                SSD2828_Reset
 .text.SPI_3W_SET_Cmd
                0x00000000080001a0       0xa4 ./Core/Src/2828.o
                0x00000000080001a0                SPI_3W_SET_Cmd
 .text.SPI_3W_SET_PAs
                0x0000000008000244       0xa4 ./Core/Src/2828.o
                0x0000000008000244                SPI_3W_SET_PAs
 .text.SPI_WriteData
                0x00000000080002e8       0x1a ./Core/Src/2828.o
                0x00000000080002e8                SPI_WriteData
 .text.SPI_WriteCmd
                0x0000000008000302       0x1a ./Core/Src/2828.o
                0x0000000008000302                SPI_WriteCmd
 .text.SSD2828_initial
                0x000000000800031c      0x21e ./Core/Src/2828.o
                0x000000000800031c                SSD2828_initial
 *fill*         0x000000000800053a        0x2 
 .text.BTE_Color_Expansion
                0x000000000800053c      0x35c ./Core/Src/8876demo.o
                0x000000000800053c                BTE_Color_Expansion
 .text.BTE_Pattern_Fill
                0x0000000008000898      0x290 ./Core/Src/8876demo.o
                0x0000000008000898                BTE_Pattern_Fill
 .text.PIP_Demo
                0x0000000008000b28      0x448 ./Core/Src/8876demo.o
                0x0000000008000b28                PIP_Demo
 .text.App_Demo_Waveform
                0x0000000008000f70      0x370 ./Core/Src/8876demo.o
                0x0000000008000f70                App_Demo_Waveform
 .text.App_Demo_Scrolling_Text
                0x00000000080012e0      0x498 ./Core/Src/8876demo.o
                0x00000000080012e0                App_Demo_Scrolling_Text
 .text.App_Demo_multi_frame_buffer
                0x0000000008001778      0x2ec ./Core/Src/8876demo.o
                0x0000000008001778                App_Demo_multi_frame_buffer
 .text.App_Demo_slide_frame_buffer
                0x0000000008001a64      0x214 ./Core/Src/8876demo.o
                0x0000000008001a64                App_Demo_slide_frame_buffer
 .text.mono_Demo
                0x0000000008001c78      0x160 ./Core/Src/8876demo.o
                0x0000000008001c78                mono_Demo
 .text.Text_Demo
                0x0000000008001dd8      0x304 ./Core/Src/8876demo.o
                0x0000000008001dd8                Text_Demo
 .text.DMA_Demo
                0x00000000080020dc      0x100 ./Core/Src/8876demo.o
                0x00000000080020dc                DMA_Demo
 .text.gray     0x00000000080021dc      0x272 ./Core/Src/8876demo.o
                0x00000000080021dc                gray
 *fill*         0x000000000800244e        0x2 
 .text.NextStep
                0x0000000008002450       0x30 ./Core/Src/RA8876.o
                0x0000000008002450                NextStep
 .text.delay_us
                0x0000000008002480       0x32 ./Core/Src/RA8876.o
                0x0000000008002480                delay_us
 .text.delay_ms
                0x00000000080024b2       0x32 ./Core/Src/RA8876.o
                0x00000000080024b2                delay_ms
 .text.Delay100ms
                0x00000000080024e4       0x24 ./Core/Src/RA8876.o
                0x00000000080024e4                Delay100ms
 .text.SPI_Write
                0x0000000008002508       0x70 ./Core/Src/RA8876.o
                0x0000000008002508                SPI_Write
 .text.SPI_Read
                0x0000000008002578       0x58 ./Core/Src/RA8876.o
                0x0000000008002578                SPI_Read
 .text.LCD_CmdWrite
                0x00000000080025d0       0x50 ./Core/Src/RA8876.o
                0x00000000080025d0                LCD_CmdWrite
 .text.LCD_DataWrite
                0x0000000008002620       0x50 ./Core/Src/RA8876.o
                0x0000000008002620                LCD_DataWrite
 .text.LCD_DataRead
                0x0000000008002670       0x50 ./Core/Src/RA8876.o
                0x0000000008002670                LCD_DataRead
 .text.LCD_StatusRead
                0x00000000080026c0       0x50 ./Core/Src/RA8876.o
                0x00000000080026c0                LCD_StatusRead
 .text.LCD_RegisterWrite
                0x0000000008002710       0x28 ./Core/Src/RA8876.o
                0x0000000008002710                LCD_RegisterWrite
 .text.LCD_WriteRAM_Prepare
                0x0000000008002738        0xe ./Core/Src/RA8876.o
                0x0000000008002738                LCD_WriteRAM_Prepare
 *fill*         0x0000000008002746        0x2 
 .text.RA8876_HW_Reset
                0x0000000008002748       0x3c ./Core/Src/RA8876.o
                0x0000000008002748                RA8876_HW_Reset
 .text.LCD_SetPoint
                0x0000000008002784       0x36 ./Core/Src/RA8876.o
                0x0000000008002784                LCD_SetPoint
 *fill*         0x00000000080027ba        0x2 
 .text.LCD_PutChar
                0x00000000080027bc       0xa4 ./Core/Src/RA8876.o
                0x00000000080027bc                LCD_PutChar
 .text.LCD_DisplayString
                0x0000000008002860       0x64 ./Core/Src/RA8876.o
                0x0000000008002860                LCD_DisplayString
 .text.LCD_SetCursor
                0x00000000080028c4       0x56 ./Core/Src/RA8876.o
                0x00000000080028c4                LCD_SetCursor
 .text.RA8876_initial
                0x000000000800291a       0xc4 ./Core/Src/RA8876.o
                0x000000000800291a                RA8876_initial
 .text.RA8876_PLL_Initial
                0x00000000080029de       0x56 ./Core/Src/RA8876.o
                0x00000000080029de                RA8876_PLL_Initial
 .text.RA8876_SDRAM_initail
                0x0000000008002a34       0x58 ./Core/Src/RA8876.o
                0x0000000008002a34                RA8876_SDRAM_initail
 .text.Check_Mem_WR_FIFO_not_Full
                0x0000000008002a8c       0x16 ./Core/Src/RA8876.o
                0x0000000008002a8c                Check_Mem_WR_FIFO_not_Full
 .text.Check_Mem_WR_FIFO_Empty
                0x0000000008002aa2       0x18 ./Core/Src/RA8876.o
                0x0000000008002aa2                Check_Mem_WR_FIFO_Empty
 .text.Check_2D_Busy
                0x0000000008002aba       0x18 ./Core/Src/RA8876.o
                0x0000000008002aba                Check_2D_Busy
 .text.Check_SDRAM_Ready
                0x0000000008002ad2       0x22 ./Core/Src/RA8876.o
                0x0000000008002ad2                Check_SDRAM_Ready
 .text.Check_Busy_Draw
                0x0000000008002af4       0x22 ./Core/Src/RA8876.o
                0x0000000008002af4                Check_Busy_Draw
 .text.RA8876_SW_Reset
                0x0000000008002b16       0x40 ./Core/Src/RA8876.o
                0x0000000008002b16                RA8876_SW_Reset
 .text.TFT_24bit
                0x0000000008002b56       0x34 ./Core/Src/RA8876.o
                0x0000000008002b56                TFT_24bit
 .text.Enable_SFlash_SPI
                0x0000000008002b8a       0x2c ./Core/Src/RA8876.o
                0x0000000008002b8a                Enable_SFlash_SPI
 .text.Host_Bus_8bit
                0x0000000008002bb6       0x2c ./Core/Src/RA8876.o
                0x0000000008002bb6                Host_Bus_8bit
 .text.RGB_8b_16bpp
                0x0000000008002be2       0x34 ./Core/Src/RA8876.o
                0x0000000008002be2                RGB_8b_16bpp
 .text.MemWrite_Left_Right_Top_Down
                0x0000000008002c16       0x34 ./Core/Src/RA8876.o
                0x0000000008002c16                MemWrite_Left_Right_Top_Down
 .text.Graphic_Mode
                0x0000000008002c4a       0x2c ./Core/Src/RA8876.o
                0x0000000008002c4a                Graphic_Mode
 .text.Text_Mode
                0x0000000008002c76       0x2c ./Core/Src/RA8876.o
                0x0000000008002c76                Text_Mode
 .text.Memory_Select_SDRAM
                0x0000000008002ca2       0x34 ./Core/Src/RA8876.o
                0x0000000008002ca2                Memory_Select_SDRAM
 .text.Enable_PWM0_Interrupt
                0x0000000008002cd6       0x2c ./Core/Src/RA8876.o
                0x0000000008002cd6                Enable_PWM0_Interrupt
 .text.Clear_PWM0_Interrupt_Flag
                0x0000000008002d02       0x2c ./Core/Src/RA8876.o
                0x0000000008002d02                Clear_PWM0_Interrupt_Flag
 .text.Mask_PWM0_Interrupt_Flag
                0x0000000008002d2e       0x2c ./Core/Src/RA8876.o
                0x0000000008002d2e                Mask_PWM0_Interrupt_Flag
 .text.Enable_PIP1
                0x0000000008002d5a       0x2c ./Core/Src/RA8876.o
                0x0000000008002d5a                Enable_PIP1
 .text.Disable_PIP1
                0x0000000008002d86       0x2c ./Core/Src/RA8876.o
                0x0000000008002d86                Disable_PIP1
 .text.Enable_PIP2
                0x0000000008002db2       0x2c ./Core/Src/RA8876.o
                0x0000000008002db2                Enable_PIP2
 .text.Disable_PIP2
                0x0000000008002dde       0x2c ./Core/Src/RA8876.o
                0x0000000008002dde                Disable_PIP2
 .text.Select_PIP1_Parameter
                0x0000000008002e0a       0x2c ./Core/Src/RA8876.o
                0x0000000008002e0a                Select_PIP1_Parameter
 .text.Select_PIP2_Parameter
                0x0000000008002e36       0x2c ./Core/Src/RA8876.o
                0x0000000008002e36                Select_PIP2_Parameter
 .text.Select_Main_Window_16bpp
                0x0000000008002e62       0x34 ./Core/Src/RA8876.o
                0x0000000008002e62                Select_Main_Window_16bpp
 .text.Select_PIP2_Window_16bpp
                0x0000000008002e96       0x34 ./Core/Src/RA8876.o
                0x0000000008002e96                Select_PIP2_Window_16bpp
 .text.Select_PIP1_Window_16bpp
                0x0000000008002eca       0x34 ./Core/Src/RA8876.o
                0x0000000008002eca                Select_PIP1_Window_16bpp
 .text.PCLK_Rising
                0x0000000008002efe       0x2c ./Core/Src/RA8876.o
                0x0000000008002efe                PCLK_Rising
 .text.Display_ON
                0x0000000008002f2a       0x2c ./Core/Src/RA8876.o
                0x0000000008002f2a                Display_ON
 .text.HSCAN_L_to_R
                0x0000000008002f56       0x2c ./Core/Src/RA8876.o
                0x0000000008002f56                HSCAN_L_to_R
 .text.VSCAN_T_to_B
                0x0000000008002f82       0x2c ./Core/Src/RA8876.o
                0x0000000008002f82                VSCAN_T_to_B
 .text.PDATA_Set_RGB
                0x0000000008002fae       0x2c ./Core/Src/RA8876.o
                0x0000000008002fae                PDATA_Set_RGB
 .text.HSYNC_Low_Active
                0x0000000008002fda       0x2c ./Core/Src/RA8876.o
                0x0000000008002fda                HSYNC_Low_Active
 .text.VSYNC_Low_Active
                0x0000000008003006       0x2c ./Core/Src/RA8876.o
                0x0000000008003006                VSYNC_Low_Active
 .text.DE_High_Active
                0x0000000008003032       0x2c ./Core/Src/RA8876.o
                0x0000000008003032                DE_High_Active
 .text.LCD_HorizontalWidth_VerticalHeight
                0x000000000800305e       0xc6 ./Core/Src/RA8876.o
                0x000000000800305e                LCD_HorizontalWidth_VerticalHeight
 .text.LCD_Horizontal_Non_Display
                0x0000000008003124       0x68 ./Core/Src/RA8876.o
                0x0000000008003124                LCD_Horizontal_Non_Display
 .text.LCD_HSYNC_Start_Position
                0x000000000800318c       0x40 ./Core/Src/RA8876.o
                0x000000000800318c                LCD_HSYNC_Start_Position
 .text.LCD_HSYNC_Pulse_Width
                0x00000000080031cc       0x40 ./Core/Src/RA8876.o
                0x00000000080031cc                LCD_HSYNC_Pulse_Width
 .text.LCD_Vertical_Non_Display
                0x000000000800320c       0x3a ./Core/Src/RA8876.o
                0x000000000800320c                LCD_Vertical_Non_Display
 .text.LCD_VSYNC_Start_Position
                0x0000000008003246       0x28 ./Core/Src/RA8876.o
                0x0000000008003246                LCD_VSYNC_Start_Position
 .text.LCD_VSYNC_Pulse_Width
                0x000000000800326e       0x28 ./Core/Src/RA8876.o
                0x000000000800326e                LCD_VSYNC_Pulse_Width
 .text.Main_Image_Start_Address
                0x0000000008003296       0x46 ./Core/Src/RA8876.o
                0x0000000008003296                Main_Image_Start_Address
 .text.Main_Image_Width
                0x00000000080032dc       0x2e ./Core/Src/RA8876.o
                0x00000000080032dc                Main_Image_Width
 .text.Main_Window_Start_XY
                0x000000000800330a       0x50 ./Core/Src/RA8876.o
                0x000000000800330a                Main_Window_Start_XY
 .text.PIP_Display_Start_XY
                0x000000000800335a       0x50 ./Core/Src/RA8876.o
                0x000000000800335a                PIP_Display_Start_XY
 .text.PIP_Image_Start_Address
                0x00000000080033aa       0x46 ./Core/Src/RA8876.o
                0x00000000080033aa                PIP_Image_Start_Address
 .text.PIP_Image_Width
                0x00000000080033f0       0x2e ./Core/Src/RA8876.o
                0x00000000080033f0                PIP_Image_Width
 .text.PIP_Window_Image_Start_XY
                0x000000000800341e       0x50 ./Core/Src/RA8876.o
                0x000000000800341e                PIP_Window_Image_Start_XY
 .text.PIP_Window_Width_Height
                0x000000000800346e       0x50 ./Core/Src/RA8876.o
                0x000000000800346e                PIP_Window_Width_Height
 .text.Enable_Text_Cursor
                0x00000000080034be       0x2c ./Core/Src/RA8876.o
                0x00000000080034be                Enable_Text_Cursor
 .text.Enable_Text_Cursor_Blinking
                0x00000000080034ea       0x2c ./Core/Src/RA8876.o
                0x00000000080034ea                Enable_Text_Cursor_Blinking
 .text.Blinking_Time_Frames
                0x0000000008003516       0x20 ./Core/Src/RA8876.o
                0x0000000008003516                Blinking_Time_Frames
 .text.Text_Cursor_H_V
                0x0000000008003536       0x38 ./Core/Src/RA8876.o
                0x0000000008003536                Text_Cursor_H_V
 .text.Canvas_Image_Start_address
                0x000000000800356e       0x46 ./Core/Src/RA8876.o
                0x000000000800356e                Canvas_Image_Start_address
 .text.Canvas_image_width
                0x00000000080035b4       0x2e ./Core/Src/RA8876.o
                0x00000000080035b4                Canvas_image_width
 .text.Active_Window_XY
                0x00000000080035e2       0x50 ./Core/Src/RA8876.o
                0x00000000080035e2                Active_Window_XY
 .text.Active_Window_WH
                0x0000000008003632       0x50 ./Core/Src/RA8876.o
                0x0000000008003632                Active_Window_WH
 .text.Memory_XY_Mode
                0x0000000008003682       0x2c ./Core/Src/RA8876.o
                0x0000000008003682                Memory_XY_Mode
 .text.Memory_16bpp_Mode
                0x00000000080036ae       0x34 ./Core/Src/RA8876.o
                0x00000000080036ae                Memory_16bpp_Mode
 .text.Goto_Pixel_XY
                0x00000000080036e2       0x50 ./Core/Src/RA8876.o
                0x00000000080036e2                Goto_Pixel_XY
 .text.Goto_Text_XY
                0x0000000008003732       0x50 ./Core/Src/RA8876.o
                0x0000000008003732                Goto_Text_XY
 .text.Start_Line
                0x0000000008003782       0x18 ./Core/Src/RA8876.o
                0x0000000008003782                Start_Line
 .text.Line_Start_XY
                0x000000000800379a       0x60 ./Core/Src/RA8876.o
                0x000000000800379a                Line_Start_XY
 .text.Line_End_XY
                0x00000000080037fa       0x60 ./Core/Src/RA8876.o
                0x00000000080037fa                Line_End_XY
 .text.Start_Square_Fill
                0x000000000800385a       0x18 ./Core/Src/RA8876.o
                0x000000000800385a                Start_Square_Fill
 .text.Select_PWM0_Clock_Divided_By_2
                0x0000000008003872       0x34 ./Core/Src/RA8876.o
                0x0000000008003872                Select_PWM0_Clock_Divided_By_2
 .text.Select_PWM0
                0x00000000080038a6       0x34 ./Core/Src/RA8876.o
                0x00000000080038a6                Select_PWM0
 .text.Enable_PWM0_Dead_Zone
                0x00000000080038da       0x2c ./Core/Src/RA8876.o
                0x00000000080038da                Enable_PWM0_Dead_Zone
 .text.Auto_Reload_PWM0
                0x0000000008003906       0x2c ./Core/Src/RA8876.o
                0x0000000008003906                Auto_Reload_PWM0
 .text.Start_PWM0
                0x0000000008003932       0x2c ./Core/Src/RA8876.o
                0x0000000008003932                Start_PWM0
 .text.Set_Timer0_Compare_Buffer
                0x000000000800395e       0x36 ./Core/Src/RA8876.o
                0x000000000800395e                Set_Timer0_Compare_Buffer
 .text.BTE_Enable
                0x0000000008003994       0x2c ./Core/Src/RA8876.o
                0x0000000008003994                BTE_Enable
 .text.Check_BTE_Busy
                0x00000000080039c0       0x22 ./Core/Src/RA8876.o
                0x00000000080039c0                Check_BTE_Busy
 .text.Pattern_Format_16X16
                0x00000000080039e2       0x2c ./Core/Src/RA8876.o
                0x00000000080039e2                Pattern_Format_16X16
 .text.BTE_ROP_Code
                0x0000000008003a0e       0x40 ./Core/Src/RA8876.o
                0x0000000008003a0e                BTE_ROP_Code
 .text.BTE_Operation_Code
                0x0000000008003a4e       0x38 ./Core/Src/RA8876.o
                0x0000000008003a4e                BTE_Operation_Code
 .text.BTE_S0_Color_16bpp
                0x0000000008003a86       0x34 ./Core/Src/RA8876.o
                0x0000000008003a86                BTE_S0_Color_16bpp
 .text.BTE_S1_Color_16bpp
                0x0000000008003aba       0x3c ./Core/Src/RA8876.o
                0x0000000008003aba                BTE_S1_Color_16bpp
 .text.BTE_Destination_Color_16bpp
                0x0000000008003af6       0x34 ./Core/Src/RA8876.o
                0x0000000008003af6                BTE_Destination_Color_16bpp
 .text.BTE_S0_Memory_Start_Address
                0x0000000008003b2a       0x46 ./Core/Src/RA8876.o
                0x0000000008003b2a                BTE_S0_Memory_Start_Address
 .text.BTE_S0_Image_Width
                0x0000000008003b70       0x2e ./Core/Src/RA8876.o
                0x0000000008003b70                BTE_S0_Image_Width
 .text.BTE_S0_Window_Start_XY
                0x0000000008003b9e       0x50 ./Core/Src/RA8876.o
                0x0000000008003b9e                BTE_S0_Window_Start_XY
 .text.BTE_S1_Memory_Start_Address
                0x0000000008003bee       0x46 ./Core/Src/RA8876.o
                0x0000000008003bee                BTE_S1_Memory_Start_Address
 .text.BTE_S1_Image_Width
                0x0000000008003c34       0x2e ./Core/Src/RA8876.o
                0x0000000008003c34                BTE_S1_Image_Width
 .text.BTE_S1_Window_Start_XY
                0x0000000008003c62       0x50 ./Core/Src/RA8876.o
                0x0000000008003c62                BTE_S1_Window_Start_XY
 .text.BTE_Destination_Memory_Start_Address
                0x0000000008003cb2       0x46 ./Core/Src/RA8876.o
                0x0000000008003cb2                BTE_Destination_Memory_Start_Address
 .text.BTE_Destination_Image_Width
                0x0000000008003cf8       0x2e ./Core/Src/RA8876.o
                0x0000000008003cf8                BTE_Destination_Image_Width
 .text.BTE_Destination_Window_Start_XY
                0x0000000008003d26       0x50 ./Core/Src/RA8876.o
                0x0000000008003d26                BTE_Destination_Window_Start_XY
 .text.BTE_Window_Size
                0x0000000008003d76       0x50 ./Core/Src/RA8876.o
                0x0000000008003d76                BTE_Window_Size
 .text.Start_SFI_DMA
                0x0000000008003dc6       0x2c ./Core/Src/RA8876.o
                0x0000000008003dc6                Start_SFI_DMA
 .text.Check_Busy_SFI_DMA
                0x0000000008003df2       0x1e ./Core/Src/RA8876.o
                0x0000000008003df2                Check_Busy_SFI_DMA
 .text.Select_SFI_0
                0x0000000008003e10       0x2c ./Core/Src/RA8876.o
                0x0000000008003e10                Select_SFI_0
 .text.Select_SFI_1
                0x0000000008003e3c       0x2c ./Core/Src/RA8876.o
                0x0000000008003e3c                Select_SFI_1
 .text.Select_SFI_Font_Mode
                0x0000000008003e68       0x2c ./Core/Src/RA8876.o
                0x0000000008003e68                Select_SFI_Font_Mode
 .text.Select_SFI_DMA_Mode
                0x0000000008003e94       0x2c ./Core/Src/RA8876.o
                0x0000000008003e94                Select_SFI_DMA_Mode
 .text.Select_SFI_24bit_Address
                0x0000000008003ec0       0x2c ./Core/Src/RA8876.o
                0x0000000008003ec0                Select_SFI_24bit_Address
 .text.Select_SFI_Waveform_Mode_0
                0x0000000008003eec       0x2c ./Core/Src/RA8876.o
                0x0000000008003eec                Select_SFI_Waveform_Mode_0
 .text.Select_SFI_Waveform_Mode_3
                0x0000000008003f18       0x2c ./Core/Src/RA8876.o
                0x0000000008003f18                Select_SFI_Waveform_Mode_3
 .text.Select_SFI_0_DummyRead
                0x0000000008003f44       0x2c ./Core/Src/RA8876.o
                0x0000000008003f44                Select_SFI_0_DummyRead
 .text.Select_SFI_8_DummyRead
                0x0000000008003f70       0x34 ./Core/Src/RA8876.o
                0x0000000008003f70                Select_SFI_8_DummyRead
 .text.Select_SFI_Single_Mode
                0x0000000008003fa4       0x2c ./Core/Src/RA8876.o
                0x0000000008003fa4                Select_SFI_Single_Mode
 .text.Select_SFI_Dual_Mode0
                0x0000000008003fd0       0x34 ./Core/Src/RA8876.o
                0x0000000008003fd0                Select_SFI_Dual_Mode0
 .text.SPI_Clock_Period
                0x0000000008004004       0x20 ./Core/Src/RA8876.o
                0x0000000008004004                SPI_Clock_Period
 .text.SFI_DMA_Source_Start_Address
                0x0000000008004024       0x56 ./Core/Src/RA8876.o
                0x0000000008004024                SFI_DMA_Source_Start_Address
 .text.SFI_DMA_Destination_Upper_Left_Corner
                0x000000000800407a       0x60 ./Core/Src/RA8876.o
                0x000000000800407a                SFI_DMA_Destination_Upper_Left_Corner
 .text.SFI_DMA_Transfer_Width_Height
                0x00000000080040da       0x60 ./Core/Src/RA8876.o
                0x00000000080040da                SFI_DMA_Transfer_Width_Height
 .text.SFI_DMA_Source_Width
                0x000000000800413a       0x36 ./Core/Src/RA8876.o
                0x000000000800413a                SFI_DMA_Source_Width
 .text.CGROM_Select_Internal_CGROM
                0x0000000008004170       0x34 ./Core/Src/RA8876.o
                0x0000000008004170                CGROM_Select_Internal_CGROM
 .text.CGROM_Select_Genitop_FontROM
                0x00000000080041a4       0x34 ./Core/Src/RA8876.o
                0x00000000080041a4                CGROM_Select_Genitop_FontROM
 .text.Font_Select_8x16_16x16
                0x00000000080041d8       0x34 ./Core/Src/RA8876.o
                0x00000000080041d8                Font_Select_8x16_16x16
 .text.Font_Select_12x24_24x24
                0x000000000800420c       0x34 ./Core/Src/RA8876.o
                0x000000000800420c                Font_Select_12x24_24x24
 .text.Font_Select_16x32_32x32
                0x0000000008004240       0x34 ./Core/Src/RA8876.o
                0x0000000008004240                Font_Select_16x32_32x32
 .text.Font_Background_select_Transparency
                0x0000000008004274       0x2c ./Core/Src/RA8876.o
                0x0000000008004274                Font_Background_select_Transparency
 .text.Font_Background_select_Color
                0x00000000080042a0       0x2c ./Core/Src/RA8876.o
                0x00000000080042a0                Font_Background_select_Color
 .text.Font_Width_X1
                0x00000000080042cc       0x34 ./Core/Src/RA8876.o
                0x00000000080042cc                Font_Width_X1
 .text.Font_Height_X1
                0x0000000008004300       0x34 ./Core/Src/RA8876.o
                0x0000000008004300                Font_Height_X1
 .text.GTFont_Select_GT23L24T3Y_GT23H24T3Y
                0x0000000008004334       0x3c ./Core/Src/RA8876.o
                0x0000000008004334                GTFont_Select_GT23L24T3Y_GT23H24T3Y
 .text.Set_GTFont_Decoder
                0x0000000008004370       0x20 ./Core/Src/RA8876.o
                0x0000000008004370                Set_GTFont_Decoder
 .text.Foreground_color_65k
                0x0000000008004390       0x4e ./Core/Src/RA8876.o
                0x0000000008004390                Foreground_color_65k
 .text.Background_color_65k
                0x00000000080043de       0x4e ./Core/Src/RA8876.o
                0x00000000080043de                Background_color_65k
 .text.Show_String
                0x000000000800442c       0x40 ./Core/Src/RA8876.o
                0x000000000800442c                Show_String
 .text.Show_picture
                0x000000000800446c       0x5a ./Core/Src/RA8876.o
                0x000000000800446c                Show_picture
 .text.Show_picture1
                0x00000000080044c6       0x5a ./Core/Src/RA8876.o
                0x00000000080044c6                Show_picture1
 .text.Text_cursor_initial
                0x0000000008004520       0x1e ./Core/Src/RA8876.o
                0x0000000008004520                Text_cursor_initial
 *fill*         0x000000000800453e        0x2 
 .text.TOUCH_Start
                0x0000000008004540       0x40 ./Core/Src/TP.o
                0x0000000008004540                TOUCH_Start
 .text.TOUCH_Stop
                0x0000000008004580       0x40 ./Core/Src/TP.o
                0x0000000008004580                TOUCH_Stop
 .text.TOUCH_Wait_Ack
                0x00000000080045c0       0x8c ./Core/Src/TP.o
                0x00000000080045c0                TOUCH_Wait_Ack
 .text.TOUCH_Ack
                0x000000000800464c       0x40 ./Core/Src/TP.o
                0x000000000800464c                TOUCH_Ack
 .text.TOUCH_NAck
                0x000000000800468c       0x48 ./Core/Src/TP.o
                0x000000000800468c                TOUCH_NAck
 .text.TOUCH_Send_Byte
                0x00000000080046d4       0x6c ./Core/Src/TP.o
                0x00000000080046d4                TOUCH_Send_Byte
 .text.TOUCH_Read_Byte
                0x0000000008004740       0xb4 ./Core/Src/TP.o
                0x0000000008004740                TOUCH_Read_Byte
 .text.GT911_WR_Reg
                0x00000000080047f4       0x80 ./Core/Src/TP.o
                0x00000000080047f4                GT911_WR_Reg
 .text.GT911_RD_Reg
                0x0000000008004874       0x8a ./Core/Src/TP.o
                0x0000000008004874                GT911_RD_Reg
 .text.GT911_Send_Cfg
                0x00000000080048fe       0x52 ./Core/Src/TP.o
                0x00000000080048fe                GT911_Send_Cfg
 .text.Draw_Big_Point
                0x0000000008004950      0x134 ./Core/Src/TP.o
                0x0000000008004950                Draw_Big_Point
 .text.GT911_read_data
                0x0000000008004a84      0x11c ./Core/Src/TP.o
                0x0000000008004a84                GT911_read_data
 .text.inttostr
                0x0000000008004ba0       0xd8 ./Core/Src/TP.o
                0x0000000008004ba0                inttostr
 .text.TOUCH_Init
                0x0000000008004c78       0x48 ./Core/Src/TP.o
                0x0000000008004c78                TOUCH_Init
 .text.TPTEST   0x0000000008004cc0      0x41c ./Core/Src/TP.o
                0x0000000008004cc0                TPTEST
 .text.main     0x00000000080050dc       0xc8 ./Core/Src/main.o
                0x00000000080050dc                main
 .text.SystemClock_Config
                0x00000000080051a4       0x82 ./Core/Src/main.o
                0x00000000080051a4                SystemClock_Config
 *fill*         0x0000000008005226        0x2 
 .text.MX_TIM2_Init
                0x0000000008005228       0xf0 ./Core/Src/main.o
 .text.MX_USART2_UART_Init
                0x0000000008005318       0x54 ./Core/Src/main.o
 .text.MX_GPIO_Init
                0x000000000800536c      0x180 ./Core/Src/main.o
 .text.HAL_GPIO_EXTI_Callback
                0x00000000080054ec       0x28 ./Core/Src/main.o
                0x00000000080054ec                HAL_GPIO_EXTI_Callback
 .text.Error_Handler
                0x0000000008005514        0xa ./Core/Src/main.o
                0x0000000008005514                Error_Handler
 *fill*         0x000000000800551e        0x2 
 .text.SdWrite  0x0000000008005520       0x68 ./Core/Src/sd.o
                0x0000000008005520                SdWrite
 .text.SdRead   0x0000000008005588       0x60 ./Core/Src/sd.o
                0x0000000008005588                SdRead
 .text.SdResponse
                0x00000000080055e8       0x3e ./Core/Src/sd.o
                0x00000000080055e8                SdResponse
 .text.SdCommand
                0x0000000008005626       0x5c ./Core/Src/sd.o
                0x0000000008005626                SdCommand
 *fill*         0x0000000008005682        0x2 
 .text.SdInit   0x0000000008005684       0xa8 ./Core/Src/sd.o
                0x0000000008005684                SdInit
 .text.SdReadBlock
                0x000000000800572c       0x94 ./Core/Src/sd.o
                0x000000000800572c                SdReadBlock
 .text.Display_JPG_SDCARD
                0x00000000080057c0      0x110 ./Core/Src/sd.o
                0x00000000080057c0                Display_JPG_SDCARD
 .text.HAL_MspInit
                0x00000000080058d0       0x64 ./Core/Src/stm32f1xx_hal_msp.o
                0x00000000080058d0                HAL_MspInit
 .text.HAL_TIM_Base_MspInit
                0x0000000008005934       0x38 ./Core/Src/stm32f1xx_hal_msp.o
                0x0000000008005934                HAL_TIM_Base_MspInit
 .text.HAL_TIM_MspPostInit
                0x000000000800596c       0x8c ./Core/Src/stm32f1xx_hal_msp.o
                0x000000000800596c                HAL_TIM_MspPostInit
 .text.HAL_UART_MspInit
                0x00000000080059f8       0x7c ./Core/Src/stm32f1xx_hal_msp.o
                0x00000000080059f8                HAL_UART_MspInit
 .text.NMI_Handler
                0x0000000008005a74        0x6 ./Core/Src/stm32f1xx_it.o
                0x0000000008005a74                NMI_Handler
 .text.HardFault_Handler
                0x0000000008005a7a        0x6 ./Core/Src/stm32f1xx_it.o
                0x0000000008005a7a                HardFault_Handler
 .text.MemManage_Handler
                0x0000000008005a80        0x6 ./Core/Src/stm32f1xx_it.o
                0x0000000008005a80                MemManage_Handler
 .text.BusFault_Handler
                0x0000000008005a86        0x6 ./Core/Src/stm32f1xx_it.o
                0x0000000008005a86                BusFault_Handler
 .text.UsageFault_Handler
                0x0000000008005a8c        0x6 ./Core/Src/stm32f1xx_it.o
                0x0000000008005a8c                UsageFault_Handler
 .text.SVC_Handler
                0x0000000008005a92        0xc ./Core/Src/stm32f1xx_it.o
                0x0000000008005a92                SVC_Handler
 .text.DebugMon_Handler
                0x0000000008005a9e        0xc ./Core/Src/stm32f1xx_it.o
                0x0000000008005a9e                DebugMon_Handler
 .text.PendSV_Handler
                0x0000000008005aaa        0xc ./Core/Src/stm32f1xx_it.o
                0x0000000008005aaa                PendSV_Handler
 .text.SysTick_Handler
                0x0000000008005ab6        0xc ./Core/Src/stm32f1xx_it.o
                0x0000000008005ab6                SysTick_Handler
 .text.EXTI15_10_IRQHandler
                0x0000000008005ac2       0x10 ./Core/Src/stm32f1xx_it.o
                0x0000000008005ac2                EXTI15_10_IRQHandler
 .text._getpid  0x0000000008005ad2        0xe ./Core/Src/syscalls.o
                0x0000000008005ad2                _getpid
 .text._kill    0x0000000008005ae0       0x20 ./Core/Src/syscalls.o
                0x0000000008005ae0                _kill
 .text._exit    0x0000000008005b00       0x14 ./Core/Src/syscalls.o
                0x0000000008005b00                _exit
 .text._read    0x0000000008005b14       0x3a ./Core/Src/syscalls.o
                0x0000000008005b14                _read
 .text._write   0x0000000008005b4e       0x38 ./Core/Src/syscalls.o
                0x0000000008005b4e                _write
 .text._close   0x0000000008005b86       0x16 ./Core/Src/syscalls.o
                0x0000000008005b86                _close
 .text._fstat   0x0000000008005b9c       0x1e ./Core/Src/syscalls.o
                0x0000000008005b9c                _fstat
 .text._isatty  0x0000000008005bba       0x14 ./Core/Src/syscalls.o
                0x0000000008005bba                _isatty
 .text._lseek   0x0000000008005bce       0x18 ./Core/Src/syscalls.o
                0x0000000008005bce                _lseek
 *fill*         0x0000000008005be6        0x2 
 .text._sbrk    0x0000000008005be8       0x6c ./Core/Src/sysmem.o
                0x0000000008005be8                _sbrk
 .text.SystemInit
                0x0000000008005c54        0xc ./Core/Src/system_stm32f1xx.o
                0x0000000008005c54                SystemInit
 .text.Reset_Handler
                0x0000000008005c60       0x48 ./Core/Startup/startup_stm32f103rbtx.o
                0x0000000008005c60                Reset_Handler
 .text.Default_Handler
                0x0000000008005ca8        0x2 ./Core/Startup/startup_stm32f103rbtx.o
                0x0000000008005ca8                RTC_Alarm_IRQHandler
                0x0000000008005ca8                EXTI2_IRQHandler
                0x0000000008005ca8                TIM1_CC_IRQHandler
                0x0000000008005ca8                PVD_IRQHandler
                0x0000000008005ca8                EXTI3_IRQHandler
                0x0000000008005ca8                EXTI0_IRQHandler
                0x0000000008005ca8                I2C2_EV_IRQHandler
                0x0000000008005ca8                ADC1_2_IRQHandler
                0x0000000008005ca8                SPI1_IRQHandler
                0x0000000008005ca8                TAMPER_IRQHandler
                0x0000000008005ca8                DMA1_Channel4_IRQHandler
                0x0000000008005ca8                USART3_IRQHandler
                0x0000000008005ca8                RTC_IRQHandler
                0x0000000008005ca8                DMA1_Channel7_IRQHandler
                0x0000000008005ca8                CAN1_RX1_IRQHandler
                0x0000000008005ca8                TIM4_IRQHandler
                0x0000000008005ca8                I2C1_EV_IRQHandler
                0x0000000008005ca8                DMA1_Channel6_IRQHandler
                0x0000000008005ca8                TIM3_IRQHandler
                0x0000000008005ca8                RCC_IRQHandler
                0x0000000008005ca8                TIM1_TRG_COM_IRQHandler
                0x0000000008005ca8                DMA1_Channel1_IRQHandler
                0x0000000008005ca8                Default_Handler
                0x0000000008005ca8                EXTI9_5_IRQHandler
                0x0000000008005ca8                SPI2_IRQHandler
                0x0000000008005ca8                DMA1_Channel5_IRQHandler
                0x0000000008005ca8                EXTI4_IRQHandler
                0x0000000008005ca8                USB_LP_CAN1_RX0_IRQHandler
                0x0000000008005ca8                USB_HP_CAN1_TX_IRQHandler
                0x0000000008005ca8                DMA1_Channel3_IRQHandler
                0x0000000008005ca8                TIM1_UP_IRQHandler
                0x0000000008005ca8                WWDG_IRQHandler
                0x0000000008005ca8                TIM2_IRQHandler
                0x0000000008005ca8                TIM1_BRK_IRQHandler
                0x0000000008005ca8                EXTI1_IRQHandler
                0x0000000008005ca8                USART2_IRQHandler
                0x0000000008005ca8                I2C2_ER_IRQHandler
                0x0000000008005ca8                DMA1_Channel2_IRQHandler
                0x0000000008005ca8                CAN1_SCE_IRQHandler
                0x0000000008005ca8                FLASH_IRQHandler
                0x0000000008005ca8                USART1_IRQHandler
                0x0000000008005ca8                I2C1_ER_IRQHandler
                0x0000000008005ca8                USBWakeUp_IRQHandler
 *fill*         0x0000000008005caa        0x2 
 .text.HAL_Init
                0x0000000008005cac       0x2c ./Drivers/STM32F1xx_HAL_Driver/Src/stm32f1xx_hal.o
                0x0000000008005cac                HAL_Init
 .text.HAL_InitTick
                0x0000000008005cd8       0x60 ./Drivers/STM32F1xx_HAL_Driver/Src/stm32f1xx_hal.o
                0x0000000008005cd8                HAL_InitTick
 .text.HAL_IncTick
                0x0000000008005d38       0x24 ./Drivers/STM32F1xx_HAL_Driver/Src/stm32f1xx_hal.o
                0x0000000008005d38                HAL_IncTick
 .text.HAL_GetTick
                0x0000000008005d5c       0x14 ./Drivers/STM32F1xx_HAL_Driver/Src/stm32f1xx_hal.o
                0x0000000008005d5c                HAL_GetTick
 .text.__NVIC_SetPriorityGrouping
                0x0000000008005d70       0x48 ./Drivers/STM32F1xx_HAL_Driver/Src/stm32f1xx_hal_cortex.o
 .text.__NVIC_GetPriorityGrouping
                0x0000000008005db8       0x1c ./Drivers/STM32F1xx_HAL_Driver/Src/stm32f1xx_hal_cortex.o
 .text.__NVIC_EnableIRQ
                0x0000000008005dd4       0x38 ./Drivers/STM32F1xx_HAL_Driver/Src/stm32f1xx_hal_cortex.o
 .text.__NVIC_SetPriority
                0x0000000008005e0c       0x54 ./Drivers/STM32F1xx_HAL_Driver/Src/stm32f1xx_hal_cortex.o
 .text.NVIC_EncodePriority
                0x0000000008005e60       0x64 ./Drivers/STM32F1xx_HAL_Driver/Src/stm32f1xx_hal_cortex.o
 .text.SysTick_Config
                0x0000000008005ec4       0x44 ./Drivers/STM32F1xx_HAL_Driver/Src/stm32f1xx_hal_cortex.o
 .text.HAL_NVIC_SetPriorityGrouping
                0x0000000008005f08       0x16 ./Drivers/STM32F1xx_HAL_Driver/Src/stm32f1xx_hal_cortex.o
                0x0000000008005f08                HAL_NVIC_SetPriorityGrouping
 .text.HAL_NVIC_SetPriority
                0x0000000008005f1e       0x38 ./Drivers/STM32F1xx_HAL_Driver/Src/stm32f1xx_hal_cortex.o
                0x0000000008005f1e                HAL_NVIC_SetPriority
 .text.HAL_NVIC_EnableIRQ
                0x0000000008005f56       0x1c ./Drivers/STM32F1xx_HAL_Driver/Src/stm32f1xx_hal_cortex.o
                0x0000000008005f56                HAL_NVIC_EnableIRQ
 .text.HAL_SYSTICK_Config
                0x0000000008005f72       0x18 ./Drivers/STM32F1xx_HAL_Driver/Src/stm32f1xx_hal_cortex.o
                0x0000000008005f72                HAL_SYSTICK_Config
 *fill*         0x0000000008005f8a        0x2 
 .text.HAL_GPIO_Init
                0x0000000008005f8c      0x308 ./Drivers/STM32F1xx_HAL_Driver/Src/stm32f1xx_hal_gpio.o
                0x0000000008005f8c                HAL_GPIO_Init
 .text.HAL_GPIO_ReadPin
                0x0000000008006294       0x2e ./Drivers/STM32F1xx_HAL_Driver/Src/stm32f1xx_hal_gpio.o
                0x0000000008006294                HAL_GPIO_ReadPin
 .text.HAL_GPIO_WritePin
                0x00000000080062c2       0x30 ./Drivers/STM32F1xx_HAL_Driver/Src/stm32f1xx_hal_gpio.o
                0x00000000080062c2                HAL_GPIO_WritePin
 *fill*         0x00000000080062f2        0x2 
 .text.HAL_GPIO_EXTI_IRQHandler
                0x00000000080062f4       0x30 ./Drivers/STM32F1xx_HAL_Driver/Src/stm32f1xx_hal_gpio.o
                0x00000000080062f4                HAL_GPIO_EXTI_IRQHandler
 .text.HAL_RCC_OscConfig
                0x0000000008006324      0x504 ./Drivers/STM32F1xx_HAL_Driver/Src/stm32f1xx_hal_rcc.o
                0x0000000008006324                HAL_RCC_OscConfig
 .text.HAL_RCC_ClockConfig
                0x0000000008006828      0x1d4 ./Drivers/STM32F1xx_HAL_Driver/Src/stm32f1xx_hal_rcc.o
                0x0000000008006828                HAL_RCC_ClockConfig
 .text.HAL_RCC_GetSysClockFreq
                0x00000000080069fc       0xa8 ./Drivers/STM32F1xx_HAL_Driver/Src/stm32f1xx_hal_rcc.o
                0x00000000080069fc                HAL_RCC_GetSysClockFreq
 .text.HAL_RCC_GetHCLKFreq
                0x0000000008006aa4       0x14 ./Drivers/STM32F1xx_HAL_Driver/Src/stm32f1xx_hal_rcc.o
                0x0000000008006aa4                HAL_RCC_GetHCLKFreq
 .text.HAL_RCC_GetPCLK1Freq
                0x0000000008006ab8       0x28 ./Drivers/STM32F1xx_HAL_Driver/Src/stm32f1xx_hal_rcc.o
                0x0000000008006ab8                HAL_RCC_GetPCLK1Freq
 .text.HAL_RCC_GetPCLK2Freq
                0x0000000008006ae0       0x28 ./Drivers/STM32F1xx_HAL_Driver/Src/stm32f1xx_hal_rcc.o
                0x0000000008006ae0                HAL_RCC_GetPCLK2Freq
 .text.RCC_Delay
                0x0000000008006b08       0x3c ./Drivers/STM32F1xx_HAL_Driver/Src/stm32f1xx_hal_rcc.o
 .text.HAL_TIM_Base_Init
                0x0000000008006b44       0x9e ./Drivers/STM32F1xx_HAL_Driver/Src/stm32f1xx_hal_tim.o
                0x0000000008006b44                HAL_TIM_Base_Init
 .text.HAL_TIM_PWM_Init
                0x0000000008006be2       0x9e ./Drivers/STM32F1xx_HAL_Driver/Src/stm32f1xx_hal_tim.o
                0x0000000008006be2                HAL_TIM_PWM_Init
 .text.HAL_TIM_PWM_MspInit
                0x0000000008006c80       0x12 ./Drivers/STM32F1xx_HAL_Driver/Src/stm32f1xx_hal_tim.o
                0x0000000008006c80                HAL_TIM_PWM_MspInit
 *fill*         0x0000000008006c92        0x2 
 .text.HAL_TIM_PWM_ConfigChannel
                0x0000000008006c94      0x184 ./Drivers/STM32F1xx_HAL_Driver/Src/stm32f1xx_hal_tim.o
                0x0000000008006c94                HAL_TIM_PWM_ConfigChannel
 .text.HAL_TIM_ConfigClockSource
                0x0000000008006e18      0x18e ./Drivers/STM32F1xx_HAL_Driver/Src/stm32f1xx_hal_tim.o
                0x0000000008006e18                HAL_TIM_ConfigClockSource
 *fill*         0x0000000008006fa6        0x2 
 .text.TIM_Base_SetConfig
                0x0000000008006fa8       0xc4 ./Drivers/STM32F1xx_HAL_Driver/Src/stm32f1xx_hal_tim.o
                0x0000000008006fa8                TIM_Base_SetConfig
 .text.TIM_OC1_SetConfig
                0x000000000800706c       0xcc ./Drivers/STM32F1xx_HAL_Driver/Src/stm32f1xx_hal_tim.o
 .text.TIM_OC2_SetConfig
                0x0000000008007138       0xd4 ./Drivers/STM32F1xx_HAL_Driver/Src/stm32f1xx_hal_tim.o
                0x0000000008007138                TIM_OC2_SetConfig
 .text.TIM_OC3_SetConfig
                0x000000000800720c       0xd4 ./Drivers/STM32F1xx_HAL_Driver/Src/stm32f1xx_hal_tim.o
 .text.TIM_OC4_SetConfig
                0x00000000080072e0       0x9c ./Drivers/STM32F1xx_HAL_Driver/Src/stm32f1xx_hal_tim.o
 .text.TIM_TI1_ConfigInputStage
                0x000000000800737c       0x5c ./Drivers/STM32F1xx_HAL_Driver/Src/stm32f1xx_hal_tim.o
 .text.TIM_TI2_ConfigInputStage
                0x00000000080073d8       0x5e ./Drivers/STM32F1xx_HAL_Driver/Src/stm32f1xx_hal_tim.o
 .text.TIM_ITRx_SetConfig
                0x0000000008007436       0x34 ./Drivers/STM32F1xx_HAL_Driver/Src/stm32f1xx_hal_tim.o
 .text.TIM_ETR_SetConfig
                0x000000000800746a       0x3e ./Drivers/STM32F1xx_HAL_Driver/Src/stm32f1xx_hal_tim.o
                0x000000000800746a                TIM_ETR_SetConfig
 .text.HAL_TIMEx_MasterConfigSynchronization
                0x00000000080074a8       0xbc ./Drivers/STM32F1xx_HAL_Driver/Src/stm32f1xx_hal_tim_ex.o
                0x00000000080074a8                HAL_TIMEx_MasterConfigSynchronization
 .text.HAL_UART_Init
                0x0000000008007564       0xa0 ./Drivers/STM32F1xx_HAL_Driver/Src/stm32f1xx_hal_uart.o
                0x0000000008007564                HAL_UART_Init
 .text.UART_SetConfig
                0x0000000008007604      0x11c ./Drivers/STM32F1xx_HAL_Driver/Src/stm32f1xx_hal_uart.o
 .text.rand     0x0000000008007720       0x7c C:/ST/STM32CubeIDE_1.14.0/STM32CubeIDE/plugins/com.st.stm32cube.ide.mcu.externaltools.gnu-tools-for-stm32.11.3.rel1.win32_1.1.100.202309141235/tools/bin/../lib/gcc/arm-none-eabi/11.3.1/../../../../arm-none-eabi/lib/thumb/v7-m/nofp\libc_nano.a(libc_a-rand.o)
                0x0000000008007720                rand
 .text.std      0x000000000800779c       0x6c C:/ST/STM32CubeIDE_1.14.0/STM32CubeIDE/plugins/com.st.stm32cube.ide.mcu.externaltools.gnu-tools-for-stm32.11.3.rel1.win32_1.1.100.202309141235/tools/bin/../lib/gcc/arm-none-eabi/11.3.1/../../../../arm-none-eabi/lib/thumb/v7-m/nofp\libc_nano.a(libc_a-findfp.o)
 .text.stdio_exit_handler
                0x0000000008007808       0x18 C:/ST/STM32CubeIDE_1.14.0/STM32CubeIDE/plugins/com.st.stm32cube.ide.mcu.externaltools.gnu-tools-for-stm32.11.3.rel1.win32_1.1.100.202309141235/tools/bin/../lib/gcc/arm-none-eabi/11.3.1/../../../../arm-none-eabi/lib/thumb/v7-m/nofp\libc_nano.a(libc_a-findfp.o)
 .text.cleanup_stdio
                0x0000000008007820       0x40 C:/ST/STM32CubeIDE_1.14.0/STM32CubeIDE/plugins/com.st.stm32cube.ide.mcu.externaltools.gnu-tools-for-stm32.11.3.rel1.win32_1.1.100.202309141235/tools/bin/../lib/gcc/arm-none-eabi/11.3.1/../../../../arm-none-eabi/lib/thumb/v7-m/nofp\libc_nano.a(libc_a-findfp.o)
 .text.global_stdio_init.part.0
                0x0000000008007860       0x3c C:/ST/STM32CubeIDE_1.14.0/STM32CubeIDE/plugins/com.st.stm32cube.ide.mcu.externaltools.gnu-tools-for-stm32.11.3.rel1.win32_1.1.100.202309141235/tools/bin/../lib/gcc/arm-none-eabi/11.3.1/../../../../arm-none-eabi/lib/thumb/v7-m/nofp\libc_nano.a(libc_a-findfp.o)
 .text.__sfp_lock_acquire
                0x000000000800789c        0xc C:/ST/STM32CubeIDE_1.14.0/STM32CubeIDE/plugins/com.st.stm32cube.ide.mcu.externaltools.gnu-tools-for-stm32.11.3.rel1.win32_1.1.100.202309141235/tools/bin/../lib/gcc/arm-none-eabi/11.3.1/../../../../arm-none-eabi/lib/thumb/v7-m/nofp\libc_nano.a(libc_a-findfp.o)
                0x000000000800789c                __sfp_lock_acquire
 .text.__sfp_lock_release
                0x00000000080078a8        0xc C:/ST/STM32CubeIDE_1.14.0/STM32CubeIDE/plugins/com.st.stm32cube.ide.mcu.externaltools.gnu-tools-for-stm32.11.3.rel1.win32_1.1.100.202309141235/tools/bin/../lib/gcc/arm-none-eabi/11.3.1/../../../../arm-none-eabi/lib/thumb/v7-m/nofp\libc_nano.a(libc_a-findfp.o)
                0x00000000080078a8                __sfp_lock_release
 .text.__sinit  0x00000000080078b4       0x30 C:/ST/STM32CubeIDE_1.14.0/STM32CubeIDE/plugins/com.st.stm32cube.ide.mcu.externaltools.gnu-tools-for-stm32.11.3.rel1.win32_1.1.100.202309141235/tools/bin/../lib/gcc/arm-none-eabi/11.3.1/../../../../arm-none-eabi/lib/thumb/v7-m/nofp\libc_nano.a(libc_a-findfp.o)
                0x00000000080078b4                __sinit
 .text._fwalk_sglue
                0x00000000080078e4       0x3c C:/ST/STM32CubeIDE_1.14.0/STM32CubeIDE/plugins/com.st.stm32cube.ide.mcu.externaltools.gnu-tools-for-stm32.11.3.rel1.win32_1.1.100.202309141235/tools/bin/../lib/gcc/arm-none-eabi/11.3.1/../../../../arm-none-eabi/lib/thumb/v7-m/nofp\libc_nano.a(libc_a-fwalk.o)
                0x00000000080078e4                _fwalk_sglue
 .text.__sread  0x0000000008007920       0x22 C:/ST/STM32CubeIDE_1.14.0/STM32CubeIDE/plugins/com.st.stm32cube.ide.mcu.externaltools.gnu-tools-for-stm32.11.3.rel1.win32_1.1.100.202309141235/tools/bin/../lib/gcc/arm-none-eabi/11.3.1/../../../../arm-none-eabi/lib/thumb/v7-m/nofp\libc_nano.a(libc_a-stdio.o)
                0x0000000008007920                __sread
 .text.__swrite
                0x0000000008007942       0x38 C:/ST/STM32CubeIDE_1.14.0/STM32CubeIDE/plugins/com.st.stm32cube.ide.mcu.externaltools.gnu-tools-for-stm32.11.3.rel1.win32_1.1.100.202309141235/tools/bin/../lib/gcc/arm-none-eabi/11.3.1/../../../../arm-none-eabi/lib/thumb/v7-m/nofp\libc_nano.a(libc_a-stdio.o)
                0x0000000008007942                __swrite
 .text.__sseek  0x000000000800797a       0x24 C:/ST/STM32CubeIDE_1.14.0/STM32CubeIDE/plugins/com.st.stm32cube.ide.mcu.externaltools.gnu-tools-for-stm32.11.3.rel1.win32_1.1.100.202309141235/tools/bin/../lib/gcc/arm-none-eabi/11.3.1/../../../../arm-none-eabi/lib/thumb/v7-m/nofp\libc_nano.a(libc_a-stdio.o)
                0x000000000800797a                __sseek
 .text.__sclose
                0x000000000800799e        0x8 C:/ST/STM32CubeIDE_1.14.0/STM32CubeIDE/plugins/com.st.stm32cube.ide.mcu.externaltools.gnu-tools-for-stm32.11.3.rel1.win32_1.1.100.202309141235/tools/bin/../lib/gcc/arm-none-eabi/11.3.1/../../../../arm-none-eabi/lib/thumb/v7-m/nofp\libc_nano.a(libc_a-stdio.o)
                0x000000000800799e                __sclose
 .text.memset   0x00000000080079a6       0x10 C:/ST/STM32CubeIDE_1.14.0/STM32CubeIDE/plugins/com.st.stm32cube.ide.mcu.externaltools.gnu-tools-for-stm32.11.3.rel1.win32_1.1.100.202309141235/tools/bin/../lib/gcc/arm-none-eabi/11.3.1/../../../../arm-none-eabi/lib/thumb/v7-m/nofp\libc_nano.a(libc_a-memset.o)
                0x00000000080079a6                memset
 *fill*         0x00000000080079b6        0x2 
 .text._close_r
                0x00000000080079b8       0x20 C:/ST/STM32CubeIDE_1.14.0/STM32CubeIDE/plugins/com.st.stm32cube.ide.mcu.externaltools.gnu-tools-for-stm32.11.3.rel1.win32_1.1.100.202309141235/tools/bin/../lib/gcc/arm-none-eabi/11.3.1/../../../../arm-none-eabi/lib/thumb/v7-m/nofp\libc_nano.a(libc_a-closer.o)
                0x00000000080079b8                _close_r
 .text._lseek_r
                0x00000000080079d8       0x24 C:/ST/STM32CubeIDE_1.14.0/STM32CubeIDE/plugins/com.st.stm32cube.ide.mcu.externaltools.gnu-tools-for-stm32.11.3.rel1.win32_1.1.100.202309141235/tools/bin/../lib/gcc/arm-none-eabi/11.3.1/../../../../arm-none-eabi/lib/thumb/v7-m/nofp\libc_nano.a(libc_a-lseekr.o)
                0x00000000080079d8                _lseek_r
 .text._read_r  0x00000000080079fc       0x24 C:/ST/STM32CubeIDE_1.14.0/STM32CubeIDE/plugins/com.st.stm32cube.ide.mcu.externaltools.gnu-tools-for-stm32.11.3.rel1.win32_1.1.100.202309141235/tools/bin/../lib/gcc/arm-none-eabi/11.3.1/../../../../arm-none-eabi/lib/thumb/v7-m/nofp\libc_nano.a(libc_a-readr.o)
                0x00000000080079fc                _read_r
 .text._write_r
                0x0000000008007a20       0x24 C:/ST/STM32CubeIDE_1.14.0/STM32CubeIDE/plugins/com.st.stm32cube.ide.mcu.externaltools.gnu-tools-for-stm32.11.3.rel1.win32_1.1.100.202309141235/tools/bin/../lib/gcc/arm-none-eabi/11.3.1/../../../../arm-none-eabi/lib/thumb/v7-m/nofp\libc_nano.a(libc_a-writer.o)
                0x0000000008007a20                _write_r
 .text.__errno  0x0000000008007a44        0xc C:/ST/STM32CubeIDE_1.14.0/STM32CubeIDE/plugins/com.st.stm32cube.ide.mcu.externaltools.gnu-tools-for-stm32.11.3.rel1.win32_1.1.100.202309141235/tools/bin/../lib/gcc/arm-none-eabi/11.3.1/../../../../arm-none-eabi/lib/thumb/v7-m/nofp\libc_nano.a(libc_a-errno.o)
                0x0000000008007a44                __errno
 .text.__libc_init_array
                0x0000000008007a50       0x48 C:/ST/STM32CubeIDE_1.14.0/STM32CubeIDE/plugins/com.st.stm32cube.ide.mcu.externaltools.gnu-tools-for-stm32.11.3.rel1.win32_1.1.100.202309141235/tools/bin/../lib/gcc/arm-none-eabi/11.3.1/../../../../arm-none-eabi/lib/thumb/v7-m/nofp\libc_nano.a(libc_a-init.o)
                0x0000000008007a50                __libc_init_array
 .text.__retarget_lock_init_recursive
                0x0000000008007a98        0x2 C:/ST/STM32CubeIDE_1.14.0/STM32CubeIDE/plugins/com.st.stm32cube.ide.mcu.externaltools.gnu-tools-for-stm32.11.3.rel1.win32_1.1.100.202309141235/tools/bin/../lib/gcc/arm-none-eabi/11.3.1/../../../../arm-none-eabi/lib/thumb/v7-m/nofp\libc_nano.a(libc_a-lock.o)
                0x0000000008007a98                __retarget_lock_init_recursive
 .text.__retarget_lock_acquire_recursive
                0x0000000008007a9a        0x2 C:/ST/STM32CubeIDE_1.14.0/STM32CubeIDE/plugins/com.st.stm32cube.ide.mcu.externaltools.gnu-tools-for-stm32.11.3.rel1.win32_1.1.100.202309141235/tools/bin/../lib/gcc/arm-none-eabi/11.3.1/../../../../arm-none-eabi/lib/thumb/v7-m/nofp\libc_nano.a(libc_a-lock.o)
                0x0000000008007a9a                __retarget_lock_acquire_recursive
 .text.__retarget_lock_release_recursive
                0x0000000008007a9c        0x2 C:/ST/STM32CubeIDE_1.14.0/STM32CubeIDE/plugins/com.st.stm32cube.ide.mcu.externaltools.gnu-tools-for-stm32.11.3.rel1.win32_1.1.100.202309141235/tools/bin/../lib/gcc/arm-none-eabi/11.3.1/../../../../arm-none-eabi/lib/thumb/v7-m/nofp\libc_nano.a(libc_a-lock.o)
                0x0000000008007a9c                __retarget_lock_release_recursive
 *fill*         0x0000000008007a9e        0x2 
 .text.__assert_func
                0x0000000008007aa0       0x3c C:/ST/STM32CubeIDE_1.14.0/STM32CubeIDE/plugins/com.st.stm32cube.ide.mcu.externaltools.gnu-tools-for-stm32.11.3.rel1.win32_1.1.100.202309141235/tools/bin/../lib/gcc/arm-none-eabi/11.3.1/../../../../arm-none-eabi/lib/thumb/v7-m/nofp\libc_nano.a(libc_a-assert.o)
                0x0000000008007aa0                __assert_func
 .text._free_r  0x0000000008007adc       0x90 C:/ST/STM32CubeIDE_1.14.0/STM32CubeIDE/plugins/com.st.stm32cube.ide.mcu.externaltools.gnu-tools-for-stm32.11.3.rel1.win32_1.1.100.202309141235/tools/bin/../lib/gcc/arm-none-eabi/11.3.1/../../../../arm-none-eabi/lib/thumb/v7-m/nofp\libc_nano.a(libc_a-freer.o)
                0x0000000008007adc                _free_r
 .text.malloc   0x0000000008007b6c       0x10 C:/ST/STM32CubeIDE_1.14.0/STM32CubeIDE/plugins/com.st.stm32cube.ide.mcu.externaltools.gnu-tools-for-stm32.11.3.rel1.win32_1.1.100.202309141235/tools/bin/../lib/gcc/arm-none-eabi/11.3.1/../../../../arm-none-eabi/lib/thumb/v7-m/nofp\libc_nano.a(libc_a-malloc.o)
                0x0000000008007b6c                malloc
 .text.sbrk_aligned
                0x0000000008007b7c       0x40 C:/ST/STM32CubeIDE_1.14.0/STM32CubeIDE/plugins/com.st.stm32cube.ide.mcu.externaltools.gnu-tools-for-stm32.11.3.rel1.win32_1.1.100.202309141235/tools/bin/../lib/gcc/arm-none-eabi/11.3.1/../../../../arm-none-eabi/lib/thumb/v7-m/nofp\libc_nano.a(libc_a-mallocr.o)
 .text._malloc_r
                0x0000000008007bbc      0x100 C:/ST/STM32CubeIDE_1.14.0/STM32CubeIDE/plugins/com.st.stm32cube.ide.mcu.externaltools.gnu-tools-for-stm32.11.3.rel1.win32_1.1.100.202309141235/tools/bin/../lib/gcc/arm-none-eabi/11.3.1/../../../../arm-none-eabi/lib/thumb/v7-m/nofp\libc_nano.a(libc_a-mallocr.o)
                0x0000000008007bbc                _malloc_r
 .text.__malloc_lock
                0x0000000008007cbc        0xc C:/ST/STM32CubeIDE_1.14.0/STM32CubeIDE/plugins/com.st.stm32cube.ide.mcu.externaltools.gnu-tools-for-stm32.11.3.rel1.win32_1.1.100.202309141235/tools/bin/../lib/gcc/arm-none-eabi/11.3.1/../../../../arm-none-eabi/lib/thumb/v7-m/nofp\libc_nano.a(libc_a-mlock.o)
                0x0000000008007cbc                __malloc_lock
 .text.__malloc_unlock
                0x0000000008007cc8        0xc C:/ST/STM32CubeIDE_1.14.0/STM32CubeIDE/plugins/com.st.stm32cube.ide.mcu.externaltools.gnu-tools-for-stm32.11.3.rel1.win32_1.1.100.202309141235/tools/bin/../lib/gcc/arm-none-eabi/11.3.1/../../../../arm-none-eabi/lib/thumb/v7-m/nofp\libc_nano.a(libc_a-mlock.o)
                0x0000000008007cc8                __malloc_unlock
 .text.__sflush_r
                0x0000000008007cd4      0x104 C:/ST/STM32CubeIDE_1.14.0/STM32CubeIDE/plugins/com.st.stm32cube.ide.mcu.externaltools.gnu-tools-for-stm32.11.3.rel1.win32_1.1.100.202309141235/tools/bin/../lib/gcc/arm-none-eabi/11.3.1/../../../../arm-none-eabi/lib/thumb/v7-m/nofp\libc_nano.a(libc_a-fflush.o)
                0x0000000008007cd4                __sflush_r
 .text._fflush_r
                0x0000000008007dd8       0x50 C:/ST/STM32CubeIDE_1.14.0/STM32CubeIDE/plugins/com.st.stm32cube.ide.mcu.externaltools.gnu-tools-for-stm32.11.3.rel1.win32_1.1.100.202309141235/tools/bin/../lib/gcc/arm-none-eabi/11.3.1/../../../../arm-none-eabi/lib/thumb/v7-m/nofp\libc_nano.a(libc_a-fflush.o)
                0x0000000008007dd8                _fflush_r
 .text.fprintf  0x0000000008007e28       0x24 C:/ST/STM32CubeIDE_1.14.0/STM32CubeIDE/plugins/com.st.stm32cube.ide.mcu.externaltools.gnu-tools-for-stm32.11.3.rel1.win32_1.1.100.202309141235/tools/bin/../lib/gcc/arm-none-eabi/11.3.1/../../../../arm-none-eabi/lib/thumb/v7-m/nofp\libc_nano.a(libc_a-fprintf.o)
                0x0000000008007e28                fiprintf
                0x0000000008007e28                fprintf
 .text._sbrk_r  0x0000000008007e4c       0x20 C:/ST/STM32CubeIDE_1.14.0/STM32CubeIDE/plugins/com.st.stm32cube.ide.mcu.externaltools.gnu-tools-for-stm32.11.3.rel1.win32_1.1.100.202309141235/tools/bin/../lib/gcc/arm-none-eabi/11.3.1/../../../../arm-none-eabi/lib/thumb/v7-m/nofp\libc_nano.a(libc_a-sbrkr.o)
                0x0000000008007e4c                _sbrk_r
 .text.abort    0x0000000008007e6c        0xe C:/ST/STM32CubeIDE_1.14.0/STM32CubeIDE/plugins/com.st.stm32cube.ide.mcu.externaltools.gnu-tools-for-stm32.11.3.rel1.win32_1.1.100.202309141235/tools/bin/../lib/gcc/arm-none-eabi/11.3.1/../../../../arm-none-eabi/lib/thumb/v7-m/nofp\libc_nano.a(libc_a-abort.o)
                0x0000000008007e6c                abort
 .text.__sfputc_r
                0x0000000008007e7a       0x2a C:/ST/STM32CubeIDE_1.14.0/STM32CubeIDE/plugins/com.st.stm32cube.ide.mcu.externaltools.gnu-tools-for-stm32.11.3.rel1.win32_1.1.100.202309141235/tools/bin/../lib/gcc/arm-none-eabi/11.3.1/../../../../arm-none-eabi/lib/thumb/v7-m/nofp\libc_nano.a(libc_a-nano-vfprintf.o)
 .text.__sfputs_r
                0x0000000008007ea4       0x24 C:/ST/STM32CubeIDE_1.14.0/STM32CubeIDE/plugins/com.st.stm32cube.ide.mcu.externaltools.gnu-tools-for-stm32.11.3.rel1.win32_1.1.100.202309141235/tools/bin/../lib/gcc/arm-none-eabi/11.3.1/../../../../arm-none-eabi/lib/thumb/v7-m/nofp\libc_nano.a(libc_a-nano-vfprintf.o)
                0x0000000008007ea4                __sfputs_r
 .text._vfprintf_r
                0x0000000008007ec8      0x234 C:/ST/STM32CubeIDE_1.14.0/STM32CubeIDE/plugins/com.st.stm32cube.ide.mcu.externaltools.gnu-tools-for-stm32.11.3.rel1.win32_1.1.100.202309141235/tools/bin/../lib/gcc/arm-none-eabi/11.3.1/../../../../arm-none-eabi/lib/thumb/v7-m/nofp\libc_nano.a(libc_a-nano-vfprintf.o)
                0x0000000008007ec8                _vfprintf_r
                0x0000000008007ec8                _vfiprintf_r
 .text._printf_common
                0x00000000080080fc       0xe4 C:/ST/STM32CubeIDE_1.14.0/STM32CubeIDE/plugins/com.st.stm32cube.ide.mcu.externaltools.gnu-tools-for-stm32.11.3.rel1.win32_1.1.100.202309141235/tools/bin/../lib/gcc/arm-none-eabi/11.3.1/../../../../arm-none-eabi/lib/thumb/v7-m/nofp\libc_nano.a(libc_a-nano-vfprintf_i.o)
                0x00000000080080fc                _printf_common
 .text._printf_i
                0x00000000080081e0      0x244 C:/ST/STM32CubeIDE_1.14.0/STM32CubeIDE/plugins/com.st.stm32cube.ide.mcu.externaltools.gnu-tools-for-stm32.11.3.rel1.win32_1.1.100.202309141235/tools/bin/../lib/gcc/arm-none-eabi/11.3.1/../../../../arm-none-eabi/lib/thumb/v7-m/nofp\libc_nano.a(libc_a-nano-vfprintf_i.o)
                0x00000000080081e0                _printf_i
 .text.__swbuf_r
                0x0000000008008424       0x7a C:/ST/STM32CubeIDE_1.14.0/STM32CubeIDE/plugins/com.st.stm32cube.ide.mcu.externaltools.gnu-tools-for-stm32.11.3.rel1.win32_1.1.100.202309141235/tools/bin/../lib/gcc/arm-none-eabi/11.3.1/../../../../arm-none-eabi/lib/thumb/v7-m/nofp\libc_nano.a(libc_a-wbuf.o)
                0x0000000008008424                __swbuf_r
 *fill*         0x000000000800849e        0x2 
 .text.__swsetup_r
                0x00000000080084a0       0xb0 C:/ST/STM32CubeIDE_1.14.0/STM32CubeIDE/plugins/com.st.stm32cube.ide.mcu.externaltools.gnu-tools-for-stm32.11.3.rel1.win32_1.1.100.202309141235/tools/bin/../lib/gcc/arm-none-eabi/11.3.1/../../../../arm-none-eabi/lib/thumb/v7-m/nofp\libc_nano.a(libc_a-wsetup.o)
                0x00000000080084a0                __swsetup_r
 .text._raise_r
                0x0000000008008550       0x50 C:/ST/STM32CubeIDE_1.14.0/STM32CubeIDE/plugins/com.st.stm32cube.ide.mcu.externaltools.gnu-tools-for-stm32.11.3.rel1.win32_1.1.100.202309141235/tools/bin/../lib/gcc/arm-none-eabi/11.3.1/../../../../arm-none-eabi/lib/thumb/v7-m/nofp\libc_nano.a(libc_a-signal.o)
                0x0000000008008550                _raise_r
 .text.raise    0x00000000080085a0       0x10 C:/ST/STM32CubeIDE_1.14.0/STM32CubeIDE/plugins/com.st.stm32cube.ide.mcu.externaltools.gnu-tools-for-stm32.11.3.rel1.win32_1.1.100.202309141235/tools/bin/../lib/gcc/arm-none-eabi/11.3.1/../../../../arm-none-eabi/lib/thumb/v7-m/nofp\libc_nano.a(libc_a-signal.o)
                0x00000000080085a0                raise
 .text._kill_r  0x00000000080085b0       0x24 C:/ST/STM32CubeIDE_1.14.0/STM32CubeIDE/plugins/com.st.stm32cube.ide.mcu.externaltools.gnu-tools-for-stm32.11.3.rel1.win32_1.1.100.202309141235/tools/bin/../lib/gcc/arm-none-eabi/11.3.1/../../../../arm-none-eabi/lib/thumb/v7-m/nofp\libc_nano.a(libc_a-signalr.o)
                0x00000000080085b0                _kill_r
 .text._getpid_r
                0x00000000080085d4        0x4 C:/ST/STM32CubeIDE_1.14.0/STM32CubeIDE/plugins/com.st.stm32cube.ide.mcu.externaltools.gnu-tools-for-stm32.11.3.rel1.win32_1.1.100.202309141235/tools/bin/../lib/gcc/arm-none-eabi/11.3.1/../../../../arm-none-eabi/lib/thumb/v7-m/nofp\libc_nano.a(libc_a-signalr.o)
                0x00000000080085d4                _getpid_r
 .text.memchr   0x00000000080085d8       0x1c C:/ST/STM32CubeIDE_1.14.0/STM32CubeIDE/plugins/com.st.stm32cube.ide.mcu.externaltools.gnu-tools-for-stm32.11.3.rel1.win32_1.1.100.202309141235/tools/bin/../lib/gcc/arm-none-eabi/11.3.1/../../../../arm-none-eabi/lib/thumb/v7-m/nofp\libc_nano.a(libc_a-memchr-stub.o)
                0x00000000080085d8                memchr
 .text.__swhatbuf_r
                0x00000000080085f4       0x4a C:/ST/STM32CubeIDE_1.14.0/STM32CubeIDE/plugins/com.st.stm32cube.ide.mcu.externaltools.gnu-tools-for-stm32.11.3.rel1.win32_1.1.100.202309141235/tools/bin/../lib/gcc/arm-none-eabi/11.3.1/../../../../arm-none-eabi/lib/thumb/v7-m/nofp\libc_nano.a(libc_a-makebuf.o)
                0x00000000080085f4                __swhatbuf_r
 .text.__smakebuf_r
                0x000000000800863e       0x78 C:/ST/STM32CubeIDE_1.14.0/STM32CubeIDE/plugins/com.st.stm32cube.ide.mcu.externaltools.gnu-tools-for-stm32.11.3.rel1.win32_1.1.100.202309141235/tools/bin/../lib/gcc/arm-none-eabi/11.3.1/../../../../arm-none-eabi/lib/thumb/v7-m/nofp\libc_nano.a(libc_a-makebuf.o)
                0x000000000800863e                __smakebuf_r
 *fill*         0x00000000080086b6        0x2 
 .text._fstat_r
                0x00000000080086b8       0x24 C:/ST/STM32CubeIDE_1.14.0/STM32CubeIDE/plugins/com.st.stm32cube.ide.mcu.externaltools.gnu-tools-for-stm32.11.3.rel1.win32_1.1.100.202309141235/tools/bin/../lib/gcc/arm-none-eabi/11.3.1/../../../../arm-none-eabi/lib/thumb/v7-m/nofp\libc_nano.a(libc_a-fstatr.o)
                0x00000000080086b8                _fstat_r
 .text._isatty_r
                0x00000000080086dc       0x20 C:/ST/STM32CubeIDE_1.14.0/STM32CubeIDE/plugins/com.st.stm32cube.ide.mcu.externaltools.gnu-tools-for-stm32.11.3.rel1.win32_1.1.100.202309141235/tools/bin/../lib/gcc/arm-none-eabi/11.3.1/../../../../arm-none-eabi/lib/thumb/v7-m/nofp\libc_nano.a(libc_a-isattyr.o)
                0x00000000080086dc                _isatty_r
 *(.glue_7)
 .glue_7        0x00000000080086fc        0x0 linker stubs
 *(.glue_7t)
 .glue_7t       0x00000000080086fc        0x0 linker stubs
 *(.eh_frame)
 .eh_frame      0x00000000080086fc        0x0 C:/ST/STM32CubeIDE_1.14.0/STM32CubeIDE/plugins/com.st.stm32cube.ide.mcu.externaltools.gnu-tools-for-stm32.11.3.rel1.win32_1.1.100.202309141235/tools/bin/../lib/gcc/arm-none-eabi/11.3.1/thumb/v7-m/nofp/crtbegin.o
 *(.init)
 .init          0x00000000080086fc        0x4 C:/ST/STM32CubeIDE_1.14.0/STM32CubeIDE/plugins/com.st.stm32cube.ide.mcu.externaltools.gnu-tools-for-stm32.11.3.rel1.win32_1.1.100.202309141235/tools/bin/../lib/gcc/arm-none-eabi/11.3.1/thumb/v7-m/nofp/crti.o
                0x00000000080086fc                _init
 .init          0x0000000008008700        0x8 C:/ST/STM32CubeIDE_1.14.0/STM32CubeIDE/plugins/com.st.stm32cube.ide.mcu.externaltools.gnu-tools-for-stm32.11.3.rel1.win32_1.1.100.202309141235/tools/bin/../lib/gcc/arm-none-eabi/11.3.1/thumb/v7-m/nofp/crtn.o
 *(.fini)
 .fini          0x0000000008008708        0x4 C:/ST/STM32CubeIDE_1.14.0/STM32CubeIDE/plugins/com.st.stm32cube.ide.mcu.externaltools.gnu-tools-for-stm32.11.3.rel1.win32_1.1.100.202309141235/tools/bin/../lib/gcc/arm-none-eabi/11.3.1/thumb/v7-m/nofp/crti.o
                0x0000000008008708                _fini
 .fini          0x000000000800870c        0x8 C:/ST/STM32CubeIDE_1.14.0/STM32CubeIDE/plugins/com.st.stm32cube.ide.mcu.externaltools.gnu-tools-for-stm32.11.3.rel1.win32_1.1.100.202309141235/tools/bin/../lib/gcc/arm-none-eabi/11.3.1/thumb/v7-m/nofp/crtn.o
                0x0000000008008714                . = ALIGN (0x4)
                0x0000000008008714                _etext = .

.vfp11_veneer   0x0000000008008714        0x0
 .vfp11_veneer  0x0000000008008714        0x0 linker stubs

.v4_bx          0x0000000008008714        0x0
 .v4_bx         0x0000000008008714        0x0 linker stubs

.iplt           0x0000000008008714        0x0
 .iplt          0x0000000008008714        0x0 C:/ST/STM32CubeIDE_1.14.0/STM32CubeIDE/plugins/com.st.stm32cube.ide.mcu.externaltools.gnu-tools-for-stm32.11.3.rel1.win32_1.1.100.202309141235/tools/bin/../lib/gcc/arm-none-eabi/11.3.1/thumb/v7-m/nofp/crtbegin.o

.rodata         0x0000000008008714     0x7f18
                0x0000000008008714                . = ALIGN (0x4)
 *(.rodata)
 .rodata        0x0000000008008714      0x3df ./Core/Src/8876demo.o
 *fill*         0x0000000008008af3        0x1 
 .rodata        0x0000000008008af4       0x5f ./Core/Src/TP.o
 *(.rodata*)
 *fill*         0x0000000008008b53        0x1 
 .rodata.ASCII_Table
                0x0000000008008b54     0x11d0 ./Core/Src/pattern.o
                0x0000000008008b54                ASCII_Table
 .rodata.pattern16x16_16bpp
                0x0000000008009d24      0x400 ./Core/Src/pattern.o
                0x0000000008009d24                pattern16x16_16bpp
 .rodata.f1     0x000000000800a124     0x1900 ./Core/Src/pattern.o
                0x000000000800a124                f1
 .rodata.f2     0x000000000800ba24      0xc80 ./Core/Src/pattern.o
                0x000000000800ba24                f2
 .rodata.f3     0x000000000800c6a4      0xc80 ./Core/Src/pattern.o
                0x000000000800c6a4                f3
 .rodata.pic_80x80
                0x000000000800d324     0x3200 ./Core/Src/pattern.o
                0x000000000800d324                pic_80x80
 .rodata.AHBPrescTable
                0x0000000008010524       0x10 ./Core/Src/system_stm32f1xx.o
                0x0000000008010524                AHBPrescTable
 .rodata.APBPrescTable
                0x0000000008010534        0x8 ./Core/Src/system_stm32f1xx.o
                0x0000000008010534                APBPrescTable
 .rodata.aPLLMULFactorTable.1
                0x000000000801053c       0x10 ./Drivers/STM32F1xx_HAL_Driver/Src/stm32f1xx_hal_rcc.o
 .rodata.aPredivFactorTable.0
                0x000000000801054c        0x2 ./Drivers/STM32F1xx_HAL_Driver/Src/stm32f1xx_hal_rcc.o
 .rodata.srand.str1.1
                0x000000000801054e       0x6f C:/ST/STM32CubeIDE_1.14.0/STM32CubeIDE/plugins/com.st.stm32cube.ide.mcu.externaltools.gnu-tools-for-stm32.11.3.rel1.win32_1.1.100.202309141235/tools/bin/../lib/gcc/arm-none-eabi/11.3.1/../../../../arm-none-eabi/lib/thumb/v7-m/nofp\libc_nano.a(libc_a-rand.o)
 .rodata.__assert_func.str1.1
                0x00000000080105bd       0x3c C:/ST/STM32CubeIDE_1.14.0/STM32CubeIDE/plugins/com.st.stm32cube.ide.mcu.externaltools.gnu-tools-for-stm32.11.3.rel1.win32_1.1.100.202309141235/tools/bin/../lib/gcc/arm-none-eabi/11.3.1/../../../../arm-none-eabi/lib/thumb/v7-m/nofp\libc_nano.a(libc_a-assert.o)
                                         0x3d (size before relaxing)
 .rodata._vfprintf_r.str1.1
                0x00000000080105f9       0x11 C:/ST/STM32CubeIDE_1.14.0/STM32CubeIDE/plugins/com.st.stm32cube.ide.mcu.externaltools.gnu-tools-for-stm32.11.3.rel1.win32_1.1.100.202309141235/tools/bin/../lib/gcc/arm-none-eabi/11.3.1/../../../../arm-none-eabi/lib/thumb/v7-m/nofp\libc_nano.a(libc_a-nano-vfprintf.o)
 .rodata._printf_i.str1.1
                0x000000000801060a       0x22 C:/ST/STM32CubeIDE_1.14.0/STM32CubeIDE/plugins/com.st.stm32cube.ide.mcu.externaltools.gnu-tools-for-stm32.11.3.rel1.win32_1.1.100.202309141235/tools/bin/../lib/gcc/arm-none-eabi/11.3.1/../../../../arm-none-eabi/lib/thumb/v7-m/nofp\libc_nano.a(libc_a-nano-vfprintf_i.o)
                0x000000000801062c                . = ALIGN (0x4)

.rel.dyn        0x000000000801062c        0x0
 .rel.iplt      0x000000000801062c        0x0 C:/ST/STM32CubeIDE_1.14.0/STM32CubeIDE/plugins/com.st.stm32cube.ide.mcu.externaltools.gnu-tools-for-stm32.11.3.rel1.win32_1.1.100.202309141235/tools/bin/../lib/gcc/arm-none-eabi/11.3.1/thumb/v7-m/nofp/crtbegin.o

.ARM.extab      0x000000000801062c        0x0
                0x000000000801062c                . = ALIGN (0x4)
 *(.ARM.extab* .gnu.linkonce.armextab.*)
                0x000000000801062c                . = ALIGN (0x4)

.ARM            0x000000000801062c        0x0
                0x000000000801062c                . = ALIGN (0x4)
                0x000000000801062c                __exidx_start = .
 *(.ARM.exidx*)
                0x000000000801062c                __exidx_end = .
                0x000000000801062c                . = ALIGN (0x4)

.preinit_array  0x000000000801062c        0x0
                0x000000000801062c                . = ALIGN (0x4)
                0x000000000801062c                PROVIDE (__preinit_array_start = .)
 *(.preinit_array*)
                0x000000000801062c                PROVIDE (__preinit_array_end = .)
                0x000000000801062c                . = ALIGN (0x4)

.init_array     0x000000000801062c        0x4
                0x000000000801062c                . = ALIGN (0x4)
                0x000000000801062c                PROVIDE (__init_array_start = .)
 *(SORT_BY_NAME(.init_array.*))
 *(.init_array*)
 .init_array    0x000000000801062c        0x4 C:/ST/STM32CubeIDE_1.14.0/STM32CubeIDE/plugins/com.st.stm32cube.ide.mcu.externaltools.gnu-tools-for-stm32.11.3.rel1.win32_1.1.100.202309141235/tools/bin/../lib/gcc/arm-none-eabi/11.3.1/thumb/v7-m/nofp/crtbegin.o
                0x0000000008010630                PROVIDE (__init_array_end = .)
                0x0000000008010630                . = ALIGN (0x4)

.fini_array     0x0000000008010630        0x4
                0x0000000008010630                . = ALIGN (0x4)
                [!provide]                        PROVIDE (__fini_array_start = .)
 *(SORT_BY_NAME(.fini_array.*))
 *(.fini_array*)
 .fini_array    0x0000000008010630        0x4 C:/ST/STM32CubeIDE_1.14.0/STM32CubeIDE/plugins/com.st.stm32cube.ide.mcu.externaltools.gnu-tools-for-stm32.11.3.rel1.win32_1.1.100.202309141235/tools/bin/../lib/gcc/arm-none-eabi/11.3.1/thumb/v7-m/nofp/crtbegin.o
                [!provide]                        PROVIDE (__fini_array_end = .)
                0x0000000008010634                . = ALIGN (0x4)
                0x0000000008010634                _sidata = LOADADDR (.data)

.data           0x0000000020000000      0x124 load address 0x0000000008010634
                0x0000000020000000                . = ALIGN (0x4)
                0x0000000020000000                _sdata = .
 *(.data)
 *(.data*)
 .data.GTP_CFG_DATA
                0x0000000020000000       0xba ./Core/Src/TP.o
                0x0000000020000000                GTP_CFG_DATA
 *fill*         0x00000000200000ba        0x2 
 .data.SystemCoreClock
                0x00000000200000bc        0x4 ./Core/Src/system_stm32f1xx.o
                0x00000000200000bc                SystemCoreClock
 .data.uwTickPrio
                0x00000000200000c0        0x4 ./Drivers/STM32F1xx_HAL_Driver/Src/stm32f1xx_hal.o
                0x00000000200000c0                uwTickPrio
 .data.uwTickFreq
                0x00000000200000c4        0x1 ./Drivers/STM32F1xx_HAL_Driver/Src/stm32f1xx_hal.o
                0x00000000200000c4                uwTickFreq
 *fill*         0x00000000200000c5        0x3 
 .data.__sglue  0x00000000200000c8        0xc C:/ST/STM32CubeIDE_1.14.0/STM32CubeIDE/plugins/com.st.stm32cube.ide.mcu.externaltools.gnu-tools-for-stm32.11.3.rel1.win32_1.1.100.202309141235/tools/bin/../lib/gcc/arm-none-eabi/11.3.1/../../../../arm-none-eabi/lib/thumb/v7-m/nofp\libc_nano.a(libc_a-findfp.o)
                0x00000000200000c8                __sglue
 .data._impure_data
                0x00000000200000d4       0x4c C:/ST/STM32CubeIDE_1.14.0/STM32CubeIDE/plugins/com.st.stm32cube.ide.mcu.externaltools.gnu-tools-for-stm32.11.3.rel1.win32_1.1.100.202309141235/tools/bin/../lib/gcc/arm-none-eabi/11.3.1/../../../../arm-none-eabi/lib/thumb/v7-m/nofp\libc_nano.a(libc_a-impure.o)
                0x00000000200000d4                _impure_data
 .data._impure_ptr
                0x0000000020000120        0x4 C:/ST/STM32CubeIDE_1.14.0/STM32CubeIDE/plugins/com.st.stm32cube.ide.mcu.externaltools.gnu-tools-for-stm32.11.3.rel1.win32_1.1.100.202309141235/tools/bin/../lib/gcc/arm-none-eabi/11.3.1/../../../../arm-none-eabi/lib/thumb/v7-m/nofp\libc_nano.a(libc_a-impure.o)
                0x0000000020000120                _impure_ptr
 *(.RamFunc)
 *(.RamFunc*)
                0x0000000020000124                . = ALIGN (0x4)
                0x0000000020000124                _edata = .

.igot.plt       0x0000000020000124        0x0 load address 0x0000000008010758
 .igot.plt      0x0000000020000124        0x0 C:/ST/STM32CubeIDE_1.14.0/STM32CubeIDE/plugins/com.st.stm32cube.ide.mcu.externaltools.gnu-tools-for-stm32.11.3.rel1.win32_1.1.100.202309141235/tools/bin/../lib/gcc/arm-none-eabi/11.3.1/thumb/v7-m/nofp/crtbegin.o
                0x0000000020000124                . = ALIGN (0x4)

.bss            0x0000000020000124      0x430 load address 0x0000000008010758
                0x0000000020000124                _sbss = .
                0x0000000020000124                __bss_start__ = _sbss
 *(.bss)
 .bss           0x0000000020000124       0x1c C:/ST/STM32CubeIDE_1.14.0/STM32CubeIDE/plugins/com.st.stm32cube.ide.mcu.externaltools.gnu-tools-for-stm32.11.3.rel1.win32_1.1.100.202309141235/tools/bin/../lib/gcc/arm-none-eabi/11.3.1/thumb/v7-m/nofp/crtbegin.o
 *(.bss*)
 .bss.ts_event  0x0000000020000140       0x2c ./Core/Src/TP.o
                0x0000000020000140                ts_event
 .bss.htim2     0x000000002000016c       0x48 ./Core/Src/main.o
                0x000000002000016c                htim2
 .bss.huart2    0x00000000200001b4       0x48 ./Core/Src/main.o
                0x00000000200001b4                huart2
 .bss.buttonClicked
                0x00000000200001fc        0x1 ./Core/Src/main.o
                0x00000000200001fc                buttonClicked
 *fill*         0x00000000200001fd        0x3 
 .bss.DATA      0x0000000020000200      0x200 ./Core/Src/sd.o
                0x0000000020000200                DATA
 .bss.__sbrk_heap_end
                0x0000000020000400        0x4 ./Core/Src/sysmem.o
 .bss.uwTick    0x0000000020000404        0x4 ./Drivers/STM32F1xx_HAL_Driver/Src/stm32f1xx_hal.o
                0x0000000020000404                uwTick
 .bss.__sf      0x0000000020000408      0x138 C:/ST/STM32CubeIDE_1.14.0/STM32CubeIDE/plugins/com.st.stm32cube.ide.mcu.externaltools.gnu-tools-for-stm32.11.3.rel1.win32_1.1.100.202309141235/tools/bin/../lib/gcc/arm-none-eabi/11.3.1/../../../../arm-none-eabi/lib/thumb/v7-m/nofp\libc_nano.a(libc_a-findfp.o)
                0x0000000020000408                __sf
 .bss.__stdio_exit_handler
                0x0000000020000540        0x4 C:/ST/STM32CubeIDE_1.14.0/STM32CubeIDE/plugins/com.st.stm32cube.ide.mcu.externaltools.gnu-tools-for-stm32.11.3.rel1.win32_1.1.100.202309141235/tools/bin/../lib/gcc/arm-none-eabi/11.3.1/../../../../arm-none-eabi/lib/thumb/v7-m/nofp\libc_nano.a(libc_a-findfp.o)
                0x0000000020000540                __stdio_exit_handler
 .bss.errno     0x0000000020000544        0x4 C:/ST/STM32CubeIDE_1.14.0/STM32CubeIDE/plugins/com.st.stm32cube.ide.mcu.externaltools.gnu-tools-for-stm32.11.3.rel1.win32_1.1.100.202309141235/tools/bin/../lib/gcc/arm-none-eabi/11.3.1/../../../../arm-none-eabi/lib/thumb/v7-m/nofp\libc_nano.a(libc_a-reent.o)
                0x0000000020000544                errno
 .bss.__lock___malloc_recursive_mutex
                0x0000000020000548        0x1 C:/ST/STM32CubeIDE_1.14.0/STM32CubeIDE/plugins/com.st.stm32cube.ide.mcu.externaltools.gnu-tools-for-stm32.11.3.rel1.win32_1.1.100.202309141235/tools/bin/../lib/gcc/arm-none-eabi/11.3.1/../../../../arm-none-eabi/lib/thumb/v7-m/nofp\libc_nano.a(libc_a-lock.o)
                0x0000000020000548                __lock___malloc_recursive_mutex
 .bss.__lock___sfp_recursive_mutex
                0x0000000020000549        0x1 C:/ST/STM32CubeIDE_1.14.0/STM32CubeIDE/plugins/com.st.stm32cube.ide.mcu.externaltools.gnu-tools-for-stm32.11.3.rel1.win32_1.1.100.202309141235/tools/bin/../lib/gcc/arm-none-eabi/11.3.1/../../../../arm-none-eabi/lib/thumb/v7-m/nofp\libc_nano.a(libc_a-lock.o)
                0x0000000020000549                __lock___sfp_recursive_mutex
 *fill*         0x000000002000054a        0x2 
 .bss.__malloc_free_list
                0x000000002000054c        0x4 C:/ST/STM32CubeIDE_1.14.0/STM32CubeIDE/plugins/com.st.stm32cube.ide.mcu.externaltools.gnu-tools-for-stm32.11.3.rel1.win32_1.1.100.202309141235/tools/bin/../lib/gcc/arm-none-eabi/11.3.1/../../../../arm-none-eabi/lib/thumb/v7-m/nofp\libc_nano.a(libc_a-mallocr.o)
                0x000000002000054c                __malloc_free_list
 .bss.__malloc_sbrk_start
                0x0000000020000550        0x4 C:/ST/STM32CubeIDE_1.14.0/STM32CubeIDE/plugins/com.st.stm32cube.ide.mcu.externaltools.gnu-tools-for-stm32.11.3.rel1.win32_1.1.100.202309141235/tools/bin/../lib/gcc/arm-none-eabi/11.3.1/../../../../arm-none-eabi/lib/thumb/v7-m/nofp\libc_nano.a(libc_a-mallocr.o)
                0x0000000020000550                __malloc_sbrk_start
 *(COMMON)
                0x0000000020000554                . = ALIGN (0x4)
                0x0000000020000554                _ebss = .
                0x0000000020000554                __bss_end__ = _ebss

._user_heap_stack
                0x0000000020000554      0x604 load address 0x0000000008010758
                0x0000000020000558                . = ALIGN (0x8)
 *fill*         0x0000000020000554        0x4 
                [!provide]                        PROVIDE (end = .)
                0x0000000020000558                PROVIDE (_end = .)
                0x0000000020000758                . = (. + _Min_Heap_Size)
 *fill*         0x0000000020000558      0x200 
                0x0000000020000b58                . = (. + _Min_Stack_Size)
 *fill*         0x0000000020000758      0x400 
                0x0000000020000b58                . = ALIGN (0x8)

/DISCARD/
 libc.a(*)
 libm.a(*)
 libgcc.a(*)

.ARM.attributes
                0x0000000000000000       0x29
 *(.ARM.attributes)
 .ARM.attributes
                0x0000000000000000       0x1d C:/ST/STM32CubeIDE_1.14.0/STM32CubeIDE/plugins/com.st.stm32cube.ide.mcu.externaltools.gnu-tools-for-stm32.11.3.rel1.win32_1.1.100.202309141235/tools/bin/../lib/gcc/arm-none-eabi/11.3.1/thumb/v7-m/nofp/crti.o
 .ARM.attributes
                0x000000000000001d       0x2d C:/ST/STM32CubeIDE_1.14.0/STM32CubeIDE/plugins/com.st.stm32cube.ide.mcu.externaltools.gnu-tools-for-stm32.11.3.rel1.win32_1.1.100.202309141235/tools/bin/../lib/gcc/arm-none-eabi/11.3.1/thumb/v7-m/nofp/crtbegin.o
 .ARM.attributes
                0x000000000000004a       0x2d ./Core/Src/2828.o
 .ARM.attributes
                0x0000000000000077       0x2d ./Core/Src/8876demo.o
 .ARM.attributes
                0x00000000000000a4       0x2d ./Core/Src/RA8876.o
 .ARM.attributes
                0x00000000000000d1       0x2d ./Core/Src/TP.o
 .ARM.attributes
                0x00000000000000fe       0x2d ./Core/Src/main.o
 .ARM.attributes
                0x000000000000012b       0x2d ./Core/Src/pattern.o
 .ARM.attributes
                0x0000000000000158       0x2d ./Core/Src/sd.o
 .ARM.attributes
                0x0000000000000185       0x2d ./Core/Src/stm32f1xx_hal_msp.o
 .ARM.attributes
                0x00000000000001b2       0x2d ./Core/Src/stm32f1xx_it.o
 .ARM.attributes
                0x00000000000001df       0x2d ./Core/Src/syscalls.o
 .ARM.attributes
                0x000000000000020c       0x2d ./Core/Src/sysmem.o
 .ARM.attributes
                0x0000000000000239       0x2d ./Core/Src/system_stm32f1xx.o
 .ARM.attributes
                0x0000000000000266       0x21 ./Core/Startup/startup_stm32f103rbtx.o
 .ARM.attributes
                0x0000000000000287       0x2d ./Drivers/STM32F1xx_HAL_Driver/Src/stm32f1xx_hal.o
 .ARM.attributes
                0x00000000000002b4       0x2d ./Drivers/STM32F1xx_HAL_Driver/Src/stm32f1xx_hal_cortex.o
 .ARM.attributes
                0x00000000000002e1       0x2d ./Drivers/STM32F1xx_HAL_Driver/Src/stm32f1xx_hal_gpio.o
 .ARM.attributes
                0x000000000000030e       0x2d ./Drivers/STM32F1xx_HAL_Driver/Src/stm32f1xx_hal_rcc.o
 .ARM.attributes
                0x000000000000033b       0x2d ./Drivers/STM32F1xx_HAL_Driver/Src/stm32f1xx_hal_tim.o
 .ARM.attributes
                0x0000000000000368       0x2d ./Drivers/STM32F1xx_HAL_Driver/Src/stm32f1xx_hal_tim_ex.o
 .ARM.attributes
                0x0000000000000395       0x2d ./Drivers/STM32F1xx_HAL_Driver/Src/stm32f1xx_hal_uart.o
 .ARM.attributes
                0x00000000000003c2       0x2d C:/ST/STM32CubeIDE_1.14.0/STM32CubeIDE/plugins/com.st.stm32cube.ide.mcu.externaltools.gnu-tools-for-stm32.11.3.rel1.win32_1.1.100.202309141235/tools/bin/../lib/gcc/arm-none-eabi/11.3.1/../../../../arm-none-eabi/lib/thumb/v7-m/nofp\libc_nano.a(libc_a-rand.o)
 .ARM.attributes
                0x00000000000003ef       0x2d C:/ST/STM32CubeIDE_1.14.0/STM32CubeIDE/plugins/com.st.stm32cube.ide.mcu.externaltools.gnu-tools-for-stm32.11.3.rel1.win32_1.1.100.202309141235/tools/bin/../lib/gcc/arm-none-eabi/11.3.1/../../../../arm-none-eabi/lib/thumb/v7-m/nofp\libc_nano.a(libc_a-findfp.o)
 .ARM.attributes
                0x000000000000041c       0x2d C:/ST/STM32CubeIDE_1.14.0/STM32CubeIDE/plugins/com.st.stm32cube.ide.mcu.externaltools.gnu-tools-for-stm32.11.3.rel1.win32_1.1.100.202309141235/tools/bin/../lib/gcc/arm-none-eabi/11.3.1/../../../../arm-none-eabi/lib/thumb/v7-m/nofp\libc_nano.a(libc_a-fwalk.o)
 .ARM.attributes
                0x0000000000000449       0x2d C:/ST/STM32CubeIDE_1.14.0/STM32CubeIDE/plugins/com.st.stm32cube.ide.mcu.externaltools.gnu-tools-for-stm32.11.3.rel1.win32_1.1.100.202309141235/tools/bin/../lib/gcc/arm-none-eabi/11.3.1/../../../../arm-none-eabi/lib/thumb/v7-m/nofp\libc_nano.a(libc_a-stdio.o)
 .ARM.attributes
                0x0000000000000476       0x2d C:/ST/STM32CubeIDE_1.14.0/STM32CubeIDE/plugins/com.st.stm32cube.ide.mcu.externaltools.gnu-tools-for-stm32.11.3.rel1.win32_1.1.100.202309141235/tools/bin/../lib/gcc/arm-none-eabi/11.3.1/../../../../arm-none-eabi/lib/thumb/v7-m/nofp\libc_nano.a(libc_a-memset.o)
 .ARM.attributes
                0x00000000000004a3       0x2d C:/ST/STM32CubeIDE_1.14.0/STM32CubeIDE/plugins/com.st.stm32cube.ide.mcu.externaltools.gnu-tools-for-stm32.11.3.rel1.win32_1.1.100.202309141235/tools/bin/../lib/gcc/arm-none-eabi/11.3.1/../../../../arm-none-eabi/lib/thumb/v7-m/nofp\libc_nano.a(libc_a-closer.o)
 .ARM.attributes
                0x00000000000004d0       0x2d C:/ST/STM32CubeIDE_1.14.0/STM32CubeIDE/plugins/com.st.stm32cube.ide.mcu.externaltools.gnu-tools-for-stm32.11.3.rel1.win32_1.1.100.202309141235/tools/bin/../lib/gcc/arm-none-eabi/11.3.1/../../../../arm-none-eabi/lib/thumb/v7-m/nofp\libc_nano.a(libc_a-reent.o)
 .ARM.attributes
                0x00000000000004fd       0x2d C:/ST/STM32CubeIDE_1.14.0/STM32CubeIDE/plugins/com.st.stm32cube.ide.mcu.externaltools.gnu-tools-for-stm32.11.3.rel1.win32_1.1.100.202309141235/tools/bin/../lib/gcc/arm-none-eabi/11.3.1/../../../../arm-none-eabi/lib/thumb/v7-m/nofp\libc_nano.a(libc_a-impure.o)
 .ARM.attributes
                0x000000000000052a       0x2d C:/ST/STM32CubeIDE_1.14.0/STM32CubeIDE/plugins/com.st.stm32cube.ide.mcu.externaltools.gnu-tools-for-stm32.11.3.rel1.win32_1.1.100.202309141235/tools/bin/../lib/gcc/arm-none-eabi/11.3.1/../../../../arm-none-eabi/lib/thumb/v7-m/nofp\libc_nano.a(libc_a-lseekr.o)
 .ARM.attributes
                0x0000000000000557       0x2d C:/ST/STM32CubeIDE_1.14.0/STM32CubeIDE/plugins/com.st.stm32cube.ide.mcu.externaltools.gnu-tools-for-stm32.11.3.rel1.win32_1.1.100.202309141235/tools/bin/../lib/gcc/arm-none-eabi/11.3.1/../../../../arm-none-eabi/lib/thumb/v7-m/nofp\libc_nano.a(libc_a-readr.o)
 .ARM.attributes
                0x0000000000000584       0x2d C:/ST/STM32CubeIDE_1.14.0/STM32CubeIDE/plugins/com.st.stm32cube.ide.mcu.externaltools.gnu-tools-for-stm32.11.3.rel1.win32_1.1.100.202309141235/tools/bin/../lib/gcc/arm-none-eabi/11.3.1/../../../../arm-none-eabi/lib/thumb/v7-m/nofp\libc_nano.a(libc_a-writer.o)
 .ARM.attributes
                0x00000000000005b1       0x2d C:/ST/STM32CubeIDE_1.14.0/STM32CubeIDE/plugins/com.st.stm32cube.ide.mcu.externaltools.gnu-tools-for-stm32.11.3.rel1.win32_1.1.100.202309141235/tools/bin/../lib/gcc/arm-none-eabi/11.3.1/../../../../arm-none-eabi/lib/thumb/v7-m/nofp\libc_nano.a(libc_a-errno.o)
 .ARM.attributes
                0x00000000000005de       0x2d C:/ST/STM32CubeIDE_1.14.0/STM32CubeIDE/plugins/com.st.stm32cube.ide.mcu.externaltools.gnu-tools-for-stm32.11.3.rel1.win32_1.1.100.202309141235/tools/bin/../lib/gcc/arm-none-eabi/11.3.1/../../../../arm-none-eabi/lib/thumb/v7-m/nofp\libc_nano.a(libc_a-init.o)
 .ARM.attributes
                0x000000000000060b       0x2d C:/ST/STM32CubeIDE_1.14.0/STM32CubeIDE/plugins/com.st.stm32cube.ide.mcu.externaltools.gnu-tools-for-stm32.11.3.rel1.win32_1.1.100.202309141235/tools/bin/../lib/gcc/arm-none-eabi/11.3.1/../../../../arm-none-eabi/lib/thumb/v7-m/nofp\libc_nano.a(libc_a-lock.o)
 .ARM.attributes
                0x0000000000000638       0x2d C:/ST/STM32CubeIDE_1.14.0/STM32CubeIDE/plugins/com.st.stm32cube.ide.mcu.externaltools.gnu-tools-for-stm32.11.3.rel1.win32_1.1.100.202309141235/tools/bin/../lib/gcc/arm-none-eabi/11.3.1/../../../../arm-none-eabi/lib/thumb/v7-m/nofp\libc_nano.a(libc_a-assert.o)
 .ARM.attributes
                0x0000000000000665       0x2d C:/ST/STM32CubeIDE_1.14.0/STM32CubeIDE/plugins/com.st.stm32cube.ide.mcu.externaltools.gnu-tools-for-stm32.11.3.rel1.win32_1.1.100.202309141235/tools/bin/../lib/gcc/arm-none-eabi/11.3.1/../../../../arm-none-eabi/lib/thumb/v7-m/nofp\libc_nano.a(libc_a-freer.o)
 .ARM.attributes
                0x0000000000000692       0x2d C:/ST/STM32CubeIDE_1.14.0/STM32CubeIDE/plugins/com.st.stm32cube.ide.mcu.externaltools.gnu-tools-for-stm32.11.3.rel1.win32_1.1.100.202309141235/tools/bin/../lib/gcc/arm-none-eabi/11.3.1/../../../../arm-none-eabi/lib/thumb/v7-m/nofp\libc_nano.a(libc_a-malloc.o)
 .ARM.attributes
                0x00000000000006bf       0x2d C:/ST/STM32CubeIDE_1.14.0/STM32CubeIDE/plugins/com.st.stm32cube.ide.mcu.externaltools.gnu-tools-for-stm32.11.3.rel1.win32_1.1.100.202309141235/tools/bin/../lib/gcc/arm-none-eabi/11.3.1/../../../../arm-none-eabi/lib/thumb/v7-m/nofp\libc_nano.a(libc_a-mallocr.o)
 .ARM.attributes
                0x00000000000006ec       0x2d C:/ST/STM32CubeIDE_1.14.0/STM32CubeIDE/plugins/com.st.stm32cube.ide.mcu.externaltools.gnu-tools-for-stm32.11.3.rel1.win32_1.1.100.202309141235/tools/bin/../lib/gcc/arm-none-eabi/11.3.1/../../../../arm-none-eabi/lib/thumb/v7-m/nofp\libc_nano.a(libc_a-mlock.o)
 .ARM.attributes